aardvark
aardwolf
african
albatross
alligator
alpaca
american
anaconda
angelfish
anglerfish
ant
anteater
antelope
antlion
ape
aphid
arabian
arctic
armadillo
arrow
asian
asp
ass
baboon
badger
bald
bandicoot
barnacle
barracuda
basilisk
bass
bat
batoidea
beaked
bear
beaver
bedbug
bee
beetle
bird
bison
black
blackbird
blue
boa
boar
bobcat
bobolink
bonobo
booby
bovid
box
brown
buffalo
bug
bull
butterfly
buzzard
camel
canada
canid
cape
capybara
cardinal
caribou
carp
cat
caterpillar
catfish
catshark
cattle
centipede
cephalopod
chameleon
cheetah
chevrotain
chickadee
chicken
chimpanzee
chinchilla
chipmunk
cicada
clam
clownfish
cobra
cockroach
cod
condor
constrictor
coral
cougar
cow
coyote
coypu
crab
crane
crawdad
crayfish
cricket
crocodile
crow
cuckoo
damselfly
dark
deer
devil
dhole
dingo
dinosaur
dodo
dog
dolphin
donkey
dormouse
dove
dragon
dragonfly
duck
duiker
dung
eagle
earthworm
earwig
echidna
eel
egret
elephant
elk
emu
english
ermine
falcon
fennec
ferret
finch
firefly
fish
flamingo
flea
fly
flying
flyingfish
fowl
fox
freshwater
frog
fruit
galliform
gamefowl
gazelle
gecko
gerbil
giant
gibbon
gila
giraffe
glider
goat
golden
goldfish
goose
gopher
gorilla
grasshopper
great
grebe
grizzly
ground
grouse
guan
guanaco
guinea
guineafowl
gull
guppy
haddock
halibut
hammerhead
hamster
hare
harrier
hawk
hedgehog
hermit
heron
herring
hippopotamus
hookworm
hornet
horse
hoverfly
human
hummingbird
humpback
hybrid
hyena
hyrax
ibis
iguana
insect
jacana
jackal
jaguar
jay
jellyfish
jird
junglefowl
kangaroo
kingfisher
kite
kiwi
koala
koi
komodo
krill
ladybug
lamprey
land
landfowl
lapwing
lark
leech
lemming
lemur
leopard
leopon
limpet
lion
lionfish
lizard
llama
lobster
locust
loon
loris
louse
lungfish
lynx
macaw
mackerel
magpie
mallard
mammal
man
manatee
mandrill
manta
mantis
marine
marlin
marmoset
marmot
marsupial
marten
mastodon
meadowlark
meerkat
megamouth
mink
minnow
mite
mockingbird
mole
mollusk
mongoose
monitor
monkey
monster
moose
mosquito
moth
mountain
mouse
mule
muskox
narwhal
neanderthal
needlefish
new
newt
nighthawk
nightingale
nile
numbat
ocelot
octopus
okapi
old
olingo
opossum
orangutan
orca
oribi
ostrich
otter
owl
owlfaced
ox
panda
panther
panthera
parakeet
parrot
parrotfish
partridge
peacock
peafowl
pelican
penguin
perch
peregrine
pheasant
pig
pigeon
pike
pilot
pinniped
piranha
planarian
platypus
pointer
polar
pony
porcupine
porpoise
portuguese
possum
prairie
prawn
praying
primate
ptarmigan
puffin
puma
python
quail
quelea
quetzal
quokka
rabbit
raccoon
rainbow
rajiformes
rat
rattlesnake
raven
ray
red
reindeer
reptile
rhinoceros
rice
right
roadrunner
robin
rock
rodent
rook
rooster
roundworm
sabertoothed
sailfish
salamander
salmon
sawfish
scale
scallop
scorpion
sea
seahorse
seal
serval
shark
sheep
shrew
shrimp
silkworm
silverfish
skink
skunk
sloth
slug
smelt
snail
snake
snipe
snow
sockeye
sole
sparrow
sperm
spider
spoonbill
squid
squirrel
starfish
starnosed
steelhead
stingray
stoat
stork
sturgeon
sugar
sun
swallow
swan
swift
swordfish
swordtail
tahr
takin
tapir
tarantula
tarsier
tasmanian
termite
tern
thrush
tick
tiger
tiglon
titi
toad
tortoise
toucan
trapdoor
tree
trout
tuna
turkey
turtle
tyrannosaurus
unicorn
urial
vampire
vaquita
vicuna
viper
voalavoanala
vole
vulture
wallaby
walrus
war
warbler
wasp
water
waterbuck
weasel
whale
whippet
white
whitefish
whooping
widow
wild
wildcat
wildebeest
wildfowl
wolf
wolverine
wombat
wood
woodchuck
woodpecker
woolly
world
worm
wren
xerinae
xray
yak
yellow
zanj
zebra
zebu
zempoaltepec
zorilla
