aerial
agile
angled
ant
antarctic
ants
argentine
armoured
army
australian
baby
banded
barrel
bauble
beaked
bearded
beauty
big
bigheaded
black
bladder
blind
blue
bottlebrush
box
broad
broadnosed
brown
brownish
bucktoothed
bulbous
bull
bullant
bulldozer
cannibal
capped
carinate
centralian
chocolate
coastal
cocktail
coconut
common
coned
convex
crazy
crypt
delicate
desert
devil
dinosaur
disc
dolly
dome
double
dwarf
eared
epaulet
false
fanged
fire
flower
flumed
foaming
footed
forest
froglet
funnel
furnace
garden
genial
ghost
giant
ginger
goblin
golden
gravis
greater
green
guinea
hairy
harvester
head
headed
holy
honey
horned
house
household
howe
imported
impressive
inch
inchman
inchmen
island
jack
jawed
jumbuck
jumper
jungle
killer
knobbed
legged
lesser
lined
little
lord
mallee
meat
michelin
mistral
moneybox
mono
monsoonal
mountain
mulga
muscleman
netted
northern
nosed
pacific
painted
pale
parrot
pecdicel
pennant
pharaoh
plug
pony
pot
pronged
pygmy
racing
rectangle
red
robber
rough
royal
savanna
seedharvesting
sharkfined
sharkskinned
shield
silver
singapore
smiling
smooth
snappy
soft
southern
speckled
spider
spined
spinifex
spiny
splended
striped
strobe
sugar
swamp
sydney
tailed
tambourine
tasmanian
thumbelina
tirtle
titan
toothed
toothless
topless
tree
tropical
tufted
turtle
two
tyrant
unicorn
valentine
western
white
wide
yellow
