abd
abyssinian
acacia
acadian
accentor
acorn
across
adamawa
adelie
adjutant
admirable
afep
afghan
african
agami
ahanta
akun
al
alagoas
alaotra
albatross
albertine
alethe
aleutian
alpine
altai
amami
amazilia
amazon
amazonian
ameline
american
amethyst
amsterdam
amur
ancient
and
andaman
andean
anhinga
ani
anjouan
antarctic
antbird
antenna
antillean
antipodean
antpitta
antshrike
antthrush
antwren
apalis
aplomado
apostlebird
arabian
aracari
arctic
argus
arizona
armenian
arrowhead
ascension
ash
ashy
asian
asity
astrapia
atitlan
atiu
atlantic
atoll
auckland
augur
auk
auklet
austral
australasian
australia
australian
avocet
avocetbill
away
awlbill
aztec
azuero
azure
babbler
backed
bahama
baikal
baja
bald
balearic
bali
balsas
baltimore
bamboo
bananaquit
band
banded
banggai
bank
bar
barbary
barbet
barbthroat
bare
barking
barn
barnacle
barolo
barred
barren
bat
bateleur
batis
baudo
bay
baza
beach
beaked
bean
bearded
beautiful
bee
bell
bellbird
bellied
belted
bengal
bermuda
bernieria
berrypecker
berylline
besra
biak
bibbed
bicolored
bicoloured
billed
bird
biscutate
bismarck
bittern
black
blackbird
blackburnian
blackcap
blackeye
blackish
blacksmith
bleeding
blond
blood
blossomcrown
blue
bluebill
bluebird
bluethroat
bluish
boat
boatbill
bobolink
bobwhite
bodied
bogota
bohemian
bokmakierie
bolsa
bonin
boobook
booby
booted
boreal
bornean
bounty
bowerbird
brahminy
brambling
brazilian
breasted
brent
bridled
brilliant
bristle
bristlebill
bristlebird
bristlefront
bristlehead
britain
broad
broadbill
brolga
bronze
bronzewing
bronzy
browed
brown
brush
brushland
brushturkey
buff
buffalo
bufflehead
buffy
bukidnon
bulbul
bullfinch
bumblebee
bunting
burrowing
buru
bush
bushchat
bushshrike
bushtit
bushy
bustard
butcherbird
buttonquail
buzzard
caatinga
cachalote
cacique
cackling
cactus
calandra
calayan
caledonian
california
calliope
camaroptera
cameroon
camiguin
campbell
campo
canada
canal
canary
canastero
canvasback
canyon
cape
capercaillie
capped
caracara
cardinal
carib
caribbean
carmine
carolina
carrion
carunculated
caspian
casqued
cassowary
catbird
cattle
cauca
caucasian
cave
cayenne
cebu
cedar
central
cerulean
chachalaca
chaco
chaffinch
changeable
channel
chanting
chapada
charming
chat
chatham
chattering
checker
checkered
cheeked
chested
chestnut
chica
chickadee
chicken
chiffchaff
chilean
chiloe
chimango
chiming
chimney
chinese
chinned
chinstrap
chipping
chiribiquete
chiriqui
chirruping
chlorophonia
choco
chocolate
choiseul
chough
christmas
chubut
chuck
chukar
cicadabird
cinclodes
cinereous
cinnabar
cinnamon
cisticola
citreoline
citron
clapper
claret
clay
cliff
cloud
cloven
coal
cochoa
cock
cockaded
cocoi
cocos
colima
collared
colombian
colored
colorful
coloured
comb
comet
common
comoros
condor
conebill
congo
coot
copper
coppersmith
coppery
coquette
coqui
coral
cormorant
corn
coronet
coroneted
coscoroba
costa
cotinga
cotton
coua
coucal
courser
cowbird
cozumel
crab
crake
crane
cream
creeper
crescent
crested
crestless
crimson
croaking
crombec
crossbill
crow
crowned
crozet
cruz
cryptic
cuban
cuckoo
cuckooshrike
curassow
curl
curlew
currawong
curve
cut
dalmatian
damara
darjeeling
dark
darter
dartford
daurian
de
dead
demoiselle
der
desert
desertas
diademed
diamond
dickcissel
diederik
dimorphic
dipper
diving
djibouti
dodo
dollarbird
dolphin
domestic
donacobius
donaldson
dot
dotted
dotterel
double
dove
dowitcher
downy
drongo
duck
dulit
dunlin
dunnock
dusky
dwarf
eagle
eared
east
eastern
eater
eating
ecological
ecuadorian
edible
egret
egyptian
eider
elaenia
elegant
elepaio
elf
emerald
emperor
empress
emu
enggano
erect
eremomela
eskimo
esmeraldas
eungella
euphonia
eurasian
european
evening
eye
eyed
faced
fairy
fairywren
falcated
falcon
falconet
falkland
fan
fantail
far
fasciated
fawn
fearful
feathered
feline
feral
fernandez
fernando
fernwren
ferruginous
festive
fieldfare
fiery
figbird
fiji
finch
fine
finfoot
fiordland
fire
fireback
firecrown
firefinch
firewood
fiscal
fish
fishing
five
flame
flameback
flamingo
flammulated
flanked
flat
flesh
flicker
flightless
flock
flores
florican
florida
flowerpecker
flufftail
fluttering
flycatcher
flying
foliage
footed
forbes
forest
fork
forktail
forty
four
fox
francolin
freckle
freckled
friarbird
frigatebird
frilled
frogmouth
fronted
fruit
fruiteater
fuegian
fulmar
fulvetta
fulvous
gabar
gabon
gadwall
galapagos
galapagos
gallinule
gallito
gannet
garden
garganey
garnet
gartered
gatherer
gentoo
georgia
gerygone
giant
gibberbird
gila
gilded
girdled
glaucous
gleaner
glittering
glossy
glow
glowing
gnatcatcher
gnateater
gnatwren
go
godwit
goldcrest
golden
goldeneye
goldenthroat
goldfinch
goliath
goose
gorgeted
goshawk
gough
gouldian
graceful
grackle
grass
grassbird
grasshopper
grassquit
grasswren
gray
great
greater
grebe
green
greenbul
greenfinch
greenish
greenshank
grenada
grenadier
grey
greyish
greylag
griffon
groove
grosbeak
grosso
ground
grouse
guadalcanal
guadalupe
guadeloupe
guam
guan
guanay
guatemalan
guayaquil
guianan
guillemot
guinea
guineafowl
guira
gull
gunnison
gyrfalcon
hadada
hainan
hairy
half
halmahera
hamerkop
handsome
hantu
hardhead
harlequin
harpy
harrier
hawaiian
hawfinch
hawk
hazel
headed
heard
heart
heeled
helena
helmet
helmetcrest
helmeted
helmetshrike
hen
henderson
herald
hermit
heron
herring
highland
hill
hillstar
himalayan
hispaniolan
hoary
hoatzin
hobby
holland
honduran
honey
honeybird
honeycreeper
honeyeater
honeyguide
hooded
hook
hoopoe
hornbill
horned
hornero
horus
hottentot
houbara
house
howe
huayco
hudsonian
humboldt
hummingbird
hyacinth
hypocolius
iago
iberian
ibis
ibisbill
iceland
icterine
iiwi
illadopsis
imitator
imperial
in
inaccessible
inagua
inca
indian
indigo
indochinese
inland
intermediate
invisible
iora
ireland
isabelline
island
islands
islet
italian
ivory
izu
jabiru
jacamar
jacana
jack
jackal
jackdaw
jacky
jacobin
jaeger
jamaican
jambu
japanese
java
javan
jay
jewel
jewelfront
johns
juan
junco
jungle
junglefowl
junin
kagu
kalij
karoo
karthala
keel
kelp
kentish
kenya
kerguelen
kermadec
kestrel
key
killdeer
king
kingbird
kingfisher
kinglet
kiritimati
kiskadee
kite
kittiwake
kiwi
knee
kneed
knob
knobbed
knot
knysna
koel
kofiau
koukako
koklass
kookaburra
kordofan
korhaan
kori
kosrae
kuri
labrador
laced
ladder
lady
laggar
lake
lancebill
lanceolated
lanka
lanner
lapland
lappet
lapwing
large
lark
lattice
laughing
laughingthrush
laurel
lava
laysan
lazuli
lazuline
leaf
leafbird
least
legged
lemon
lesser
letter
lettered
levant
light
like
lilac
limpkin
lineated
lined
linnet
lita
little
lizard
loggerhead
logrunner
long
longbill
longclaw
longspur
loon
lord
lored
lovely
lucifer
luzon
lyre
lyrebird
macaroni
maccoa
macquarie
madagascan
magellanic
magenta
magnificent
magpie
maguari
makatea
makira
malabar
malachite
malagasy
malaita
malayan
malaysian
male
maleo
malkoha
mallard
malleefowl
manakin
mandarin
mandibled
maned
mangareva
mango
mangrove
manipur
mantanani
mantled
manus
manx
many
marabou
marail
maranon
marbled
margined
mariana
maroon
marquesan
marsh
marta
martial
martin
marvellous
mascarene
masked
mato
maui
mauritius
mayotte
meadow
meadowlark
mediterranean
megapode
melancholy
melanesian
mentawai
merganser
merlin
mesia
mesite
metallic
metaltail
mew
mewing
mexican
micronesian
middle
mikado
milky
mimic
minahassa
mindanao
mindoro
miner
minivet
minla
minute
miombo
mississippi
mistle
mistletoebird
mockingbird
moheli
moluccan
mombasa
monal
monarch
monjita
monklet
montane
montezuma
montserrat
moorea
moorhen
moorland
morepork
mossy
motmot
mottled
mount
mountain
mountaineer
mountaingem
mountains
mourning
mousebird
moustached
munia
murre
murrelet
muscovy
musk
mute
myna
nacunda
naked
namaqua
nankeen
naped
napo
narcondam
narina
narrow
natal
nativehen
nazca
near
neblina
nechisar
necked
necklaced
needle
needletail
negros
nene
neotropic
neotropical
nest
new
niau
nicobar
night
nighthawk
nightingale
nightjar
nilgiri
niltava
nkulengu
noble
nocturnal
noddy
noisy
north
northern
nosed
nothura
nubian
numfor
nunbird
nunlet
nut
nutcracker
nuthatch
nyanza
oasis
oaxaca
ocellated
ochraceous
ochre
of
oilbird
okarito
okinawa
olivaceous
olive
omani
on
openbill
orange
orchard
oriental
orinoco
oriole
ornate
oropendola
ortolan
osprey
ostrich
ouzel
ovambo
ovenbird
owl
owlet
oxpecker
oystercatcher
pacific
paddyfield
paint
painted
palau
palawan
pale
pallid
palm
palmchat
papuan
paradise
parakeet
parasitic
pardalote
parrot
parrotbill
parrotfinch
partridge
parula
passenger
patagonian
paulo
pauraque
pavonine
peaceful
peacock
peafowl
pearl
pearly
pectoral
pelagic
pelican
pemba
penduline
penguin
pennant
peppershrike
pere
peregrine
perija
pernambuco
persian
peruvian
petrel
petronia
pewee
phalarope
pharaoh
pheasant
philippine
phoebe
phoenix
piapiac
picathartes
picazuro
piclet
picui
piculet
pied
piedtail
pigeon
pileated
pilotbird
pin
pincoya
pine
pink
pinnated
pintail
pinyon
piping
pipit
pirre
pitt
pitta
plain
plains
plaintive
planalto
plantain
plantcutter
plate
plover
plovercrest
plumaged
plumbeous
plumed
plumeleteer
po
pochard
pohnpei
polar
polynesian
pomarine
pond
poor
poorwill
potoo
pouched
powerful
prairie
pratincole
prinia
prion
prong
prothonotary
providence
ptarmigan
puerto
puffbird
puffin
puffleg
puna
purple
purplish
purus
pygmy
pytilia
quail
quebracho
quelea
quetzal
quilled
racket
raggiana
rail
rain
rainbow
rainforest
raja
rajah
rapa
raven
rayadito
razor
razorbill
red
reddish
redhead
redpoll
redshank
redstart
reed
reedling
reef
regent
relict
reserve
resplendent
restless
reunion
rhea
rhinoceros
ribbon
rican
riflebird
rifleman
ring
ringed
rinjani
river
roadrunner
roadside
robin
robust
rock
rockhopper
rockjumper
rodrigues
roller
romblon
rook
roraiman
rose
roseate
rosefinch
rosy
rough
roviana
royal
rubeho
ruby
ruddy
rufescent
ruff
ruffed
rufous
rumped
running
russet
rusty
ruwenzori
ryukyu
sabrewing
sacred
saddle
saddleback
saffron
sage
sakalava
saker
salim
saltator
samar
samoan
sand
sanderling
sandgrouse
sandhill
sandpiper
sandwich
sandy
sangihe
santa
sao
sao
sapphire
sapphirewing
sapsucker
sarus
satanic
satin
satinbird
satyr
savanna
saw
saxaul
scale
scaled
scalloped
scaly
scarce
scarlet
scaup
schiffornis
scimitar
scimitarbill
scintillant
scissor
scops
scoter
screamer
screech
scrub
scrubbird
scrubfowl
scrubwren
scythebill
sea
secretarybird
sedge
see
seedeater
seedsnipe
semicollared
semipalmated
semiplumbeous
senegal
seram
serendib
seriema
serpent
seychelles
shafted
shag
shanked
sharp
sharpbill
sheartail
shearwater
sheathbill
sheldgoose
shelduck
shikra
shining
shinned
shoebill
shore
short
shortwing
shouldered
shovel
shoveler
shrike
shy
siamese
siau
siberian
sibia
sichuan
sickle
sicklebill
sided
silktail
silky
silver
silvereye
silvery
simeulue
sind
singing
sira
sirkeer
siskin
sittella
six
skimmer
skua
skylark
slate
slaty
slender
slope
small
smew
smith
smoky
smooth
snail
snake
snares
snipe
snoring
snow
snowcap
snowcock
snowfinch
snowy
sociable
society
socorro
socotra
soft
sokoke
solitaire
solitary
solomons
somali
sombre
song
songlark
sooty
sora
south
southern
spadebill
spangled
spanish
sparkling
sparrow
sparrowhawk
spatuletail
speckle
speckled
spectacled
spice
spike
spine
spinebill
spinetail
spinifex
spinifexbird
spiny
splendid
spoon
spoonbill
spot
spotless
spotted
spruce
spur
spurfowl
spurred
squacco
squamate
square
squatter
squirrel
sri
stained
standard
star
starfrontlet
starling
starred
starry
starthroat
steamer
steely
steppe
stewart
stilt
stint
stitchbird
stock
stone
stonechat
stork
storks
storm
straight
straw
streak
streaked
streaky
streamer
streamertail
striated
striolated
stripe
striped
stubble
stygian
subantarctic
subdesert
subtropical
sudan
sugarbird
sula
sulawesi
sultan
sulu
sumatran
sumba
sunangel
sunbeam
sunbird
sunbittern
sunda
sungem
sungrebe
superb
surf
surfbird
surucua
swahili
swallow
swamp
swamphen
swan
swift
swiftlet
sword
sylph
syrian
tacarcuna
tahiti
taiga
tail
tailed
tailorbird
taita
taiwan
takahei
talaud
taliabu
tamaulipas
tambourine
tanager
tanimbar
tanna
tanzanian
tapaculo
tapajos
tasmania
tasmanian
tataupa
tattler
tawitawi
tawny
tchagra
teal
tennessee
tepui
terek
tern
the
thick
thicket
thighed
thorn
thornbill
thorntail
thrasher
three
throat
throated
thrush
tibetan
tiger
timor
tinamou
tinkerbird
tiny
tipped
tit
titicaca
titmouse
toco
tody
toed
togian
tolima
tome
tongan
tooth
toothed
topaz
topknot
torotoroka
torrent
torresian
toucan
toucanet
tourmaline
towhee
tragopan
trainbearer
trained
tree
treecreeper
treeswift
trembler
tricolored
triller
trindade
trinidad
tristan
trocaz
trogon
tropical
tropicbird
trumpeter
tsingy
tuamotu
tufted
tui
tumbes
tundra
turaco
turkey
turnstone
turquoise
turtle
tuxtla
twelve
twinspot
two
tyrannulet
tyrant
tyrian
udzungwa
ultramarine
umbrellabird
undulated
unicoloured
uniform
unspotted
upland
ural
usambara
vanga
vanuatu
variable
varied
variegated
varzea
veery
vega
velvet
velvetbreast
venezuelan
vented
veraguan
verde
verdin
vermiculated
vermilion
versicolored
vervain
victoria
vinaceous
vinous
violaceous
violet
violetear
vireo
virginia
viridian
visayan
visorbearer
vogelkop
volcano
von
vulture
vulturine
wagtail
waigeo
wake
wallcreeper
wanderer
wandering
warbler
warbling
water
watercock
waterhen
waterthrush
wattle
wattlebird
wattled
waved
waxbill
waxwing
weaver
webbed
wedge
wedgebill
wedged
weebill
weka
welcome
west
western
westland
wetar
wheatear
whet
whimbrel
whip
whipbird
whiskered
whistler
whistling
white
whiteface
whitethroat
whitetip
whooper
whooping
whydah
widow
widowbird
wigeon
wild
will
willet
willie
willow
wine
winged
winter
wire
wired
wompoo
wonga
wood
woodcock
woodcreeper
woodhen
woodland
woodlark
woodnymph
woodpecker
woodstar
woodswallow
woolly
wreathed
wren
wrenthrush
wrentit
wrinkled
writhed
wrybill
wryneck
xenops
yelkouan
yellow
yellowhammer
yellowish
yellowlegs
yellownape
yellowthroat
yucatan
yuhina
yungas
zapata
zealand
zebra
zenaida
zigzag
zitting
zone
