# locale:en-US
# colors:bl
african
aholehole
airbreathing
airsac
aka
alaska
albacares
albacore
alewife
alfonsino
algae
alligator
alligatorfish
amberjack
american
amur
anchovy
anemonefish
angelfish
angler
anglerfish
antarctic
antenna
arapaima
archerfish
arctic
armored
armorhead
armoured
arowana
arrowtooth
asian
asiatic
atka
atlantic
atlanticus
aurorubens
australasian
australian
ayu
baikal
bala
ballan
bamboo
banded
bandfish
bangus
banjo
bank
bar
barb
barbel
barbeled
barfish
barracuda
barracudina
barramundi
barred
barreleye
basking
bass
basslet
bat
batfish
beachsalmon
beaked
beardfish
beauty
belly
beluga
bengal
betta
bichir
bicolor
bigeye
bighead
bigmouth
bigscale
billfish
bitterling
black
blackchin
blackfin
blackfish
blacktip
bleak
blenny
blind
blobfish
blowfish
blue
bluefin
bluefish
bluegill
blueline
bluntnose
boafish
boarfish
bobtail
bocaccio
boga
bombay
bonefish
bonito
bonnetmouth
bonytail
bonytongue
bowfin
boxfish
bramble
bream
brill
bristlemouth
bristlenose
broadband
bronze
brooder
brook
brotula
brown
buffalo
bull
bullhead
bumblebee
burbot
buri
burma
burrfish
burrowing
butterfish
butterfly
butterflyfish
california
canary
candiru
candlefish
capelin
carcharhinus
carchathinus
cardinal
cardinalfish
carp
carpetshark
carps
carpsucker
cat
catalufa
catfish
catla
caulolatilus
cavefish
celebes
central
centropristis
chain
channel
char
cherry
cherubfish
chimaera
chinook
chub
chubsucker
chum
cichlid
cisco
climbing
clingfish
clown
clownfish
cobbler
cobia
cod
codlet
codling
coelacanth
coffinfish
coho
coley
collared
colorado
combfish
combtail
combtooth
common
conger
convict
cookiecutter
coolie
cornetfish
corydoras
corypaena
cow
cowfish
cownose
crappie
creek
crestfish
crevice
croaker
crocodile
crucian
cuckoo
cusk
cutlassfish
cutthroat
dab
dace
daggertooth
damselfish
danio
darter
dartfish
dealfish
death
deep
deepwater
delta
demoiselle
dempsey
denticle
desert
devario
devil
dhufish
diplodus
discus
diver
dogfish
dogteeth
dojo
dollar
dolly
dolphin
dolphinfish
dorab
dorado
dory
dottyback
dragon
dragonet
dragonfish
driftfish
driftwood
drum
duck
duckbill
dumerili
dusky
dwarf
eagle
earthworm
eater
eel
eelpout
eeltail
elasmobranch
electric
elephant
elephantnose
elver
ember
emerald
emperor
escolar
eucla
eulachon
european
eye
false
fangtooth
fathead
featherback
fierasfer
fighting
filefish
finback
fingerfish
fire
firefish
fish
flabby
flagblenny
flagfin
flagfish
flagtail
flashlight
flatfish
flathead
flier
flounder
flying
flyingfish
footballfish
forehead
foureyed
french
freshwater
frigate
frilled
fringehead
frogfish
frogmouth
fusilier
galjoen
ganges
gar
garden
garibaldi
garpike
ghost
ghoul
giant
gibberfish
gila
gizzard
glass
glassfish
glowlight
goat
goatfish
goblin
goby
golden
goldeye
goldfish
gombessa
goosefish
gopher
gourami
grande
grass
graveldiver
gray
grayling
great
green
greeneye
greenling
grenadier
ground
grouper
grunion
grunt
grunter
gudgeon
guitarfish
gulf
gulper
gunnel
guppy
gurnard
haddock
haemulon
hagfish
hairtail
hake
halfbeak
halfmoon
halibut
halosaur
hamlet
hammerhead
hammerjaw
handfish
hardhead
harelip
hatchetfish
hawkfish
herring
herrings
hickory
hillstream
hippurus
hog
hoki
holbrooki
horn
horse
horsefish
houndshark
huchen
hussar
icefish
ide
idol
ilisha
inanga
inconnu
jack
jackfish
jackson
japanese
javelin
jawfish
jellynose
jewel
jewelfish
jewfish
john
kafue
kahawai
kaluga
kanyu
kelp
kelpfish
killifish
king
kingfish
kissing
knifefish
knifejaw
koi
kokanee
kokopu
kuhli
labyrinth
ladyfish
lake
lampfish
lamprey
lance
lancetfish
lanternfish
lanternshark
largemouth
leaffish
leatherjacket
lefteye
lemon
lenok
leopard
lightfish
limia
lined
ling
lionfish
livebearer
lizardfish
loach
longfin
longfinned
longjaw
longneck
longnose
longwhiskered
loosejaw
lost
louvar
loweye
luderick
luminous
lumpsucker
lungfish
mackerel
madtom
mahimahi
mahseer
mailcheeked
major
mako
mandarinfish
manefish
manofwar
manta
marblefish
marine
marlin
masu
medaka
medusafish
megamouth
menhaden
merluccid
mexican
microps
midshipman
milkfish
minnow
modoc
mojarra
mola
monkeyface
monkfish
mooneye
moonfish
moorish
mora
moray
morid
morwong
moses
mosquitofish
mouthbrooder
mozambique
mrigal
mud
mudfish
mudminnow
mudskipper
mudsucker
mullet
mummichog
murray
muskellunge
mustache
mustard
nakedback
nase
needlefish
neon
new
nibble
noodlefish
north
northern
nurse
nurseryfish
oarfish
obscurus
ocean
oceanic
ocyurus
of
oilfish
old
oldwife
olive
opah
opaleye
orange
orangespine
orangestriped
orbicular
oregon
oriental
oscar
oto
owens
pacific
paddlefish
pancake
panga
paradise
parasitic
parore
parrotfish
peacock
peamouth
pearl
pearleye
pearlfish
pelagic
pelican
pencil
pencilfish
pencilsmelt
peppered
perch
pickerel
pigfish
pike
pikeblenny
pikeperch
pilchard
pilot
pineapplefish
pineconefish
pinfish
pink
pintano
pipefish
piranha
pirarucu
pirate
plaice
platy
platyfish
pleco
plownose
plumbeus
plumieri
poacher
pollock
pollyfish
pomfret
pompano
ponyfish
popeye
porbeagle
porcupinefish
porgy
port
powen
prickleback
pricklefish
prickly
prowfish
puffer
pufferfish
pumpkinseed
pupfish
pygmy
queen
quillback
quillfish
rabbitfish
raccoon
ragfish
rainbow
rainbowfish
rasbora
ratfish
rattail
raven
ray
razorback
razorfish
red
redfin
redfish
redhorse
redlip
redmouth
redstripe
redtooth
reedfish
reef
remora
requiem
rhizoprioltodon
rhomboplites
ribbon
ribbonfish
rice
ricefish
ridgehead
riffle
righteye
rio
river
rivuline
roach
roanoke
robin
rock
rocket
rockfish
rockling
rockweed
rohu
ronquil
roosterfish
ropefish
rough
roughy
round
roundhead
rudd
rudderfish
ruff
ruffe
russian
sabalo
sabertooth
sabertoothed
sablefish
sacramento
sailfin
sailfish
salamanderfish
salmon
sand
sandbar
sandburrower
sandfish
sandperch
sandroller
sarcastic
sardine
sargassum
sauger
saury
saw
sawfish
sawtail
sawtooth
scabbard
scabbardfish
scad
scaly
scalyfin
scat
scissortail
scorpionfish
sculpin
scup
sea
seahorse
seamoth
searobin
sergeant
seriola
sevan
shad
shark
sharksucker
sharpnose
sheatfish
sheepshead
shiner
shortnose
shovelnose
shrimpfish
siamese
sillago
silver
silverside
silvertip
sind
sixgill
skate
skilfish
skipjack
sleeper
slender
slickhead
slimehead
slimy
slipmouth
smalleye
smalltooth
smelt
smeltwhiting
smooth
snail
snailfish
snake
snakehead
snapper
snipe
snipefish
snoek
snook
snubnose
sockeye
soldierfish
sole
south
southern
spadefish
spaghetti
spanish
spearfish
speckled
spiderfish
spikefish
spinefoot
spiny
spinyfin
splitfin
splittail
spookfish
spot
spottail
spotted
sprat
springfish
squarehead
squaretail
squawfish
squeaker
squirrelfish
staghorn
stargazer
starry
steelhead
stickleback
stingfish
stingray
stonecat
stonefish
stoneroller
stream
striped
sturgeon
sucker
suckermouth
summer
sundaland
sunfish
surf
surfperch
surgeonfish
swallower
swampeel
swampfish
sweeper
swordfish
swordtail
tadpole
tailor
taimen
tang
tapetail
tarpon
tarwhine
telescopefish
temperate
tench
tenpounder
tenuis
terraenovae
tetra
the
thornfish
thorny
threadfin
threadtail
three
threespine
threetoothed
thresher
thunnus
tidewater
tiger
tigerperch
tilapia
tilefish
titan
toad
toadfish
tommy
tompot
tonguefish
tope
topminnow
torpedo
torrent
trahira
treefish
trevally
triggerfish
triplefin
triplespine
tripletail
tripod
trout
troutperch
trumpeter
trumpetfish
trunkfish
tubeblenny
tubeeye
tubeshoulder
tubesnout
tui
tuna
tunny
turbot
turkeyfish
two
uaru
unicorn
upsidedown
valley
vanjaram
varden
velvet
velvetfish
vendace
vermillion
vimba
viperfish
wahoo
walking
wallago
walleye
walu
warmouth
warty
waryfish
waspfish
weasel
weatherfish
weaver
weever
weeverfish
wels
whale
whalefish
whiff
whiptail
white
whitebait
whitefish
whitetip
whiting
wobbegong
wolfeel
wolffish
wolfherring
world
worm
wormfish
wrasse
wrymouth
xray
yellow
yellowback
yellowbanded
yellowedge
yellowedged
yelloweye
yellowfin
yellowhead
yellowmargin
yellowtail
zander
zealand
zebra
zebrafish
ziege
