# locale:en-US
# colors:rd
aardvark
african
algirus
altai
altaica
amazonian
american
amur
amurensis
anathana
andean
andersoni
anteater
anthonyi
ape
aquaticus
armadillo
arredondoi
asian
asiatic
asinus
ass
atelerix
audubonii
auritus
bactrian
bairdii
bairds
balkan
banded
bare
bat
bear
belangeri
bellied
bicornis
big
black
blind
boehmi
borensis
bornean
brachyrhynchus
bradypus
brazilian
breasted
breweri
broad
brown
burchellii
burchells
bush
bushveld
caballus
cabassous
caeca
calamian
calyptophractus
camel
cape
cat
cattle
caucasian
caucasica
centralis
ceratotherium
chacoan
chacoensis
chaetophractus
chapmani
chapmans
checkered
chinese
chipmunk
chlamyphorus
choloepus
chrysogaster
chrysopygus
cirnei
coast
collaris
collie
common
concolor
condylura
congo
cottontail
cow
crassicaudatus
crawshayi
crawshays
cristata
cuban
cubanus
cyclopes
dasypus
daurian
dauuricus
davidiana
deer
dendrogale
desert
desman
desmana
dicerorhinus
diceros
didactylus
dog
dolphin
domestic
domesticated
donkey
dorsalis
dryad
dugong
dusky
dwarf
dymecodon
eared
eastern
echigo
echinosorex
edwardii
elephant
elephantulus
ellioti
equus
erinaceus
etendaka
etigo
euphractus
europaea
europaeus
european
euroscaptor
everetti
faced
fairy
ferus
flavicaudatus
flying
footed
forest
four
frontalis
fuscipes
fuscus
fusicaudus
fynbos
galago
galemys
gansu
giant
gibbsii
glis
glyptotherium
golden
gopher
gracile
gracilis
grandis
grants
greater
grevyi
grevys
grey
ground
gymnura
gymnure
haired
hairy
hare
hartmannae
hartmanns
hedgehog
hemiechinus
hemionus
highland
highveld
himalayan
hispaniolan
hoffmanni
horse
hottentot
hughi
human
hybridus
hylomys
hypomelas
hyrax
imaizumii
indian
indicus
inquisitive
insular
insularis
intufi
investigator
japanese
javan
javanica
kabomani
kano
kanoana
kappleri
karoo
kiang
klossi
kobe
kobeae
large
latimanus
least
lemur
lesser
leucura
levant
levantis
like
lion
llanos
long
longipes
longirostris
lorid
lowland
macroscelides
madras
malayan
malaysian
manatee
maned
maneless
marcanoi
matacus
maximus
megalotis
melanura
mesechinus
mexican
mexicana
micropus
micrura
micus
mindanao
minor
mizura
moellendorffi
mogera
mole
monkey
montana
montane
moonrat
moschata
moschatus
mountain
mouse
mulita
murina
myrmecophaga
myurus
naked
namib
nationi
neurotrichus
nicobar
nicobarica
nimba
nine
north
northern
nosed
novemcinctus
nudiventris
occidentalis
onager
or
orarius
otolemur
otter
oweni
painted
palawan
palawanensis
pale
pangolin
paradoxus
paraechinus
parascalops
parascaptor
parvidens
parvus
pen
pere
petersi
petrodromus
philippine
pichi
picky
picta
pied
pig
pika
pilicaudus
pilirostris
pilosus
pinchaque
pink
plains
porpoises
priodontes
proboscideus
przewalskii
przewalskis
ptilocercus
pygmaeus
pygmy
pyrenaicus
pyrenean
quagga
rabbit
rat
restoration
retusus
revoili
rhinoceros
rhinos
rhynchocyon
rice
robust
robusta
rock
roman
romana
rough
roumanicus
round
rozeti
ruddy
rufescens
rufous
rumped
rupestris
russian
ruwenzori
sabanicola
sado
scalopus
scapanulus
scapanus
scaptochirus
scaptonyx
sclateri
screaming
sea
seal
selous
selousi
sengi
senkaku
septemcinctus
seven
sexcinctus
short
shrew
silky
simum
six
slender
sloth
small
smooth
snouted
solenodon
somali
sondaicus
soricipes
southern
spanish
splendidula
spotted
squirrel
stankovici
star
streaked
striped
subanura
suillus
sumatran
sumatrensis
sunda
sylvilagus
tailed
tailless
taiva
talpa
talpoides
tamandua
tana
tapir
tapirus
tarpan
tarsier
tatouay
tenrec
terrestris
tetradactyla
tetradactylus
three
throated
tibetan
toed
tokudae
tolypeutes
toothed
torquatus
townsendii
tree
treeshrew
tricinctus
tridactyla
tridactylus
truncatus
tupaia
two
uchidai
udzungwensis
unicinctus
unicornis
urogale
uropsilus
urotrichus
validity
van
variegatus
vellerosus
villosus
weasel
web
west
western
whale
white
wild
wogura
yellow
yepesi
zaedyus
zebra
