# locale:en-US
# colors:rd
aceramarca
admiralty
agile
alexandria
allied
amazonas
amazonian
andean
antechinomys
antechinus
antilopine
arfak
argentine
atherton
banded
bandicoot
banggai
bare
barred
beaked
bear
bellied
bettong
biak
big
bilby
black
blue
boodie
boullanger
brachyotis
brazilian
bridled
broad
bronze
browed
brown
brush
brushtail
buff
bushy
caenolestid
caluromys
cape
carpentarian
chacoan
cheeked
chestnut
cinderella
cinereus
cinnamon
claro
coated
common
coppery
crassicaudata
creek
crescent
crest
cuscus
dactylonax
dactylopsila
dasyure
dasyurinus
dasyurops
dasyurus
del
delicate
deltaic
desert
devil
dibbler
dingiso
dorcopsis
dunnart
dusky
dwarf
eared
eastern
echidna
elegant
eyed
faced
false
fat
fawn
feather
feathertail
fingered
flanked
footed
four
furred
gebe
giant
glider
golden
gracile
granulipes
gray
great
greater
green
grey
griseoventer
grizzled
ground
group
guahiba
guajira
guianan
guinean
habbema
hairy
hare
haunting
headed
heavy
herbert
honey
hooded
incan
island
isthmian
julia
junin
kakadu
kaluta
kangaroo
koala
kowari
kultarr
lake
legged
lemur
lesser
like
little
long
longicaudata
lowland
lowlands
lutrine
mackay
macropodiformes
macropus
macroura
mahogany
mallodelphys
mantled
marajo
mareeba
marmosa
marsupial
masked
mexican
micoureus
micromurexia
microperoryctes
minuania
mole
monito
monjon
monodelphis
monte
mount
mountain
mouse
mulgara
murexechinus
murexia
murina
musky
nabarlek
nail
narrow
neblina
necked
new
ningaui
ningbing
northern
nosed
notamacropus
numbat
obscure
one
ooldea
opossum
or
ornate
ornoryctes
osphranter
pademelon
painted
panama
papuan
paraguayan
paramurexia
parma
patagonian
paucident
peninsula
petauroidea
phalangeriformes
phalangeroidea
phascogale
phascomurexia
pig
pilbara
planigale
platypus
plush
possum
potoroo
proserpine
psammophila
purple
pygmy
quechuan
quokka
quoll
rat
reclusive
red
ringtail
river
rock
rory
rosa
rufous
sandhill
sandstone
santa
satanellus
scaly
sepia
seram
short
shouldered
shrew
sided
silky
silver
sir
slender
small
sminthopsis
sooty
southeastern
southern
southwestern
species
speckled
spectacled
spiny
spotted
sprite
squirrel
stegomarmosa
stripe
striped
subgenus
suborder
subtropical
sugar
sulawesi
superfamily
swamp
tail
tailed
talaud
tammar
tasman
tasmanian
telefomin
tenkile
thick
three
thylacine
tiger
toolache
tree
triok
tropical
unadorned
unduavi
ursine
virginia
vogelkop
vombatiformes
waigeou
wallaby
wallaroo
water
western
weyland
whiptail
white
wombat
wongai
wood
woodlark
woolly
woylie
xanthopus
yapok
yellow
york
