african
american
angle
antler
apple
arches
armyworm
ash
ashworth
atlas
autumnal
bar
barred
beauty
bee
beet
berry
black
blood
blossom
blotched
bogong
bollworm
border
bordered
borer
brick
bright
brimstone
brindle
broad
brocade
brown
buff
burnet
cabbage
cacao
carpet
catalana
cecropia
character
chi
christmas
clay
clearwing
cloaked
clouded
club
cocaine
codling
comet
common
copper
corn
cotton
coxcomb
crimson
currant
dagger
dark
dart
day
death
deep
diamondback
dot
dotted
double
dun
dusky
dusty
earworm
eighty
elephant
emerald
emperor
engrailed
ermine
european
eye
fan
feathered
figure
flame
flour
footed
footman
foxglove
frosted
garden
ghost
giant
golden
gothic
grease
green
grey
ground
gum
gypsy
hawk
hawkmoth
hawkmoths
hazel
head
heart
heath
hebrew
highflyer
honeydew
hook
house
hummingbird
imperial
indian
ingrailed
io
juniper
kitten
knot
large
latticed
leek
legume
lesser
light
lime
line
lover
luna
lunar
lychnis
marbled
may
meal
mediterranean
miller
minor
minsmere
mint
moth
moths
mottled
mouse
mung
northern
november
nutmeg
oak
old
orange
pale
pasture
pea
peach
peacock
peppered
pine
plume
podborer
polyphemus
poplar
processionary
prometheus
prominent
pug
purple
quaker
riband
rod
rough
rustic
satellite
scalloped
senita
setaceous
shades
shark
short
shoulder
shouldered
silkworm
silver
six
slender
small
smoky
snout
snowberry
speck
speckled
spinach
spot
square
straw
streak
striped
swallow
swift
sycamore
tail
tailed
tawny
thorn
tip
tortrix
treble
true
turnip
tussock
umber
underwing
v
vein
wainscot
wave
wax
white
willow
winter
witch
world
wormwood
y
yellow
