african
agallocha
alder
algerian
almond
alone
ambrosia
american
amy
angel
annie
annual
appalachian
apple
apricot
arfaj
arizona
arrowwood
ash
asian
awr
azolla
baby
bamboo
banana
bank
baobab
barbara
bastard
bay
bean
bear
bearberry
beech
belle
bermuda
berry
betty
big
bindweed
birch
bite
bitter
bittercress
bittersweet
bitterweed
black
blackberry
blackhaw
blackiehead
blade
bloom
blooming
blue
blueberry
blunt
bolean
boston
bow
bower
box
boxelder
boxwood
brier
brilliant
bristly
brittlebush
broadleaf
brown
buckeye
buffalo
bulbous
bull
bur
bush
butterfly
buttons
by
cabbage
cabinet
cactus
california
camellia
canada
canariensis
cancer
cane
canoe
canyon
cap
carolina
caroliniana
carrot
cart
catalina
chain
champion
cherry
chestnut
chigger
christmas
chrysanthemum
chrysolepis
cinnamon
climbing
clove
clover
clumpfoot
coakum
coast
coconut
coffee
colic
collard
columbine
colwort
common
coneflower
cork
corn
cornel
cornelian
corydalis
cotton
coyote
creek
creeping
cress
crocus
crowfoot
cucumber
cursed
cutleaf
daisy
daisy
damask
darning
deadly
deadnettle
deciduous
dewberry
dindle
dogbane
dogtooth
dogwood
dooryard
downy
drumstick
duck
durian
duscle
dwarf
dye
early
earth
easter
eastern
eggs
elderberry
elegant
elephant
english
eucalyptus
european
evening
evergreen
excoecaria
extinguisher
eye
eyed
eytelia
fair
fairymoss
false
fellenwort
felonwood
felonwort
fennel
fern
fernleaf
ferns
fever
feverbush
feverfew
field
fieldcress
fig
flax
fleabane
florida
flower
flowered
flowering
fluxroot
fomes
foot
france
fringed
fuchsia
fumewort
gall
gallberry
garden
garget
garlic
gewa
giant
gilliflower
gloriosa
glory
golden
goldenglow
goodding
goose
gordaldo
grapefruit
grapevine
grass
gray
great
greater
green
groundberry
gutweed
hairy
haldi
hard
harlequin
hay
headed
healing
heavens
hedge
hellebore
hemp
hen
henbit
herb
heritiera
hispid
hoary
hogweed
holly
honey
hops
horse
horsetail
houseleek
huckleberry
in
indian
ink
inkberry
ironwood
island
isle
itchweed
ivy
jack
jalap
japanese
jasmine
jerusalem
jewel
jointed
joy
judas
jugflower
juneberry
juniper
keek
kelloggii
kimberly
king
kinnikinnik
kittentail
knotweed
korean
kousa
kudzu
kumarahou
kura
lace
laceflower
land
latanier
laurel
lavender
leaf
leatherleaf
leaved
leaves
leek
lemon
leopard
lettuce
lilac
lily
little
live
lone
love
low
lupine
magnolia
mahogany
maid
maize
man
mango
maple
marsh
me
meadow
mesquite
milfoil
milk
milkweed
milky
moonwort
moose
moosewood
morel
morning
mosquito
moss
mossycup
mother
mountain
mulberry
multiflora
munjit
mustard
native
necklace
needle
neem
nest
nettle
new
night
nightshade
nile
nodding
northern
nose
nosebleed
not
oak
of
olive
onion
or
orange
orchid
osage
osier
ox
oxford
pacific
paintbrush
pale
palm
paper
papyrus
parsley
parsnip
pea
peach
peanut
pear
pedunculate
pellitory
pennsylvania
penny
pepper
perennial
persia
petty
pigeon
pin
pine
pineapple
pink
pistachio
plague
plane
plant
plantain
pleurisy
pocan
poison
poisonberry
poisonflower
poke
pokeroot
pokeweed
polecat
polkweed
polypody
poor
poorland
poplar
poppy
possumhaw
posy
potato
prairie
prickly
pulu
purple
queen
quercitron
quercus
radical
ragweed
ragwort
rambler
rantipole
rapeseed
raspberry
red
redbrush
redbud
redweed
redwood
retten
rheumatism
rhubarb
ribwort
rice
river
roadweed
robin
rock
rocket
rocketcress
roman
root
rose
rosemary
roundleaf
rum
running
rush
rye
saffron
sand
sanguinary
saskatoon
sauce
scarlet
scented
scoke
scotch
scrambled
screwbean
scrub
scurvy
seal
serviceberry
sessile
shadblow
shadbush
sharp
silkweed
silky
silver
silverleaf
skunk
skunkweed
small
snakeberry
sneezeweed
sneezewort
snowdrop
soft
softly
sorrel
sow
spanish
species
speckled
speedwell
spice
spiny
spoolwood
spotted
spring
squaw
stag
stammerwort
star
stickweed
strawberry
striped
sugar
sugarcane
sugarplum
summer
sundari
sunflower
susan
swallow
swamp
sweet
swine
swinies
sword
sycamore
tall
tansy
tassel
tea
the
thimbleberry
thimbleweed
thin
thistle
thousand
three
thyme
tickleweed
tobacco
toes
tomato
tongue
tooth
toothwort
touch
track
trailing
tread
tree
trillium
trumpet
tuber
tulip
tulsi
umbrella
upland
valley
vanilla
varnish
velvet
viburnum
vine
viola
violet
virginia
voodoo
wake
wakerobin
wall
walnut
water
way
waybread
wayside
weed
weeping
western
wheat
whiskey
white
whorled
wild
willow
windroot
wineberry
winter
winterberry
wintercress
wood
woodbine
woody
woolly
wormwood
wort
wound
woundwort
yam
yarrow
yellow
yellowbark
yellowcress
yellowwood
yunnan
zealand
zebrawood
zedoary
