# locale:jp
# colors:yl
は
め
い
て
ち
ガ
カ
み
き
は
ね
ひ
ゆ
ひ
と
じ
え
に
ご
ひと
ぼく
おれ
あし
すね
ひざ
もも
かお
くち
はな
ひげ
かみ
みみ
うで
ひじ
かた
つめ
ゆび
しり
きも
くび
こし
にく
はだ
ひふ
ほね
むね
かぜ
げり
ちち
はは
つま
あに
あね
そふ
そぼ
まご
おじ
おば
めい
おい
いぬ
ねこ
うし
ぶた
うま
さる
とら
しか
がま
しし
ぞう
とり
わし
たか
たい
えび
あじ
さば
イカ
タコ
むし
せみ
クモ
ハエ
かい
へび
くさ
はな
くき
きく
こめ
いね
むぎ
いも
まめ
ナシ
クリ
モモ
みそ
パン
ちゃ
みず
しお
とき
ふん
つき
とし
あさ
ひる
ばん
よる
つき
ほし
はれ
あめ
ゆき
かぜ
そら
きた
にし
ここ
そこ
みぎ
うえ
した
まえ
みず
ゆげ
ガス
つち
どろ
てつ
どう
きん
ぎん
しお
キロ
ミリ
みせ
かね
さつ
いす
ドア
まど
いえ
くぎ
ひも
なわ
かさ
かぎ
ペン
ふで
ふく
そで
えり
くつ
えき
みち
もじ
ほん
かみ
いろ
あか
あお
しろ
くろ
りか
ちり
れい
いち
さん
よん
ろく
なな
はち
せん
まん
おく
とお
これ
それ
あれ
どれ
はば
いま
かこ
いい
する
やる
いる
ある
なる
うむ
しぬ
いく
くる
とぶ
ねる
かむ
のむ
もつ
うつ
さす
さす
さす
ける
たつ
あく
こむ
いる
むく
ます
へる
みる
きく
かぐ
いう
かく
よむ
とる
おく
なく
あう
うる
える
おる
かう
きる
きる
はく
しる
もう
まだ
こう
そう
ああ
どう
この
その
あの
どの
はい
でも
おとこ
おんな
わたし
あたし
いしゃ
しかい
へいし
かしゅ
かかと
あたま
てくび
おなか
こころ
せなか
かぞく
こども
おっと
しまい
いとこ
ひつじ
ねずみ
うさぎ
りゅう
かえる
キリン
すずめ
からす
さかな
いわし
まぐろ
かつお
さんま
ちょう
トンボ
バッタ
ホタル
ミミズ
トカゲ
はっぱ
ねっこ
きのこ
さくら
やさい
リンゴ
ミカン
バナナ
トマト
スイカ
ごはん
サラダ
おやつ
おちゃ
ビール
ワイン
さとう
じかん
こよみ
びょう
きのう
きょう
あした
ようび
しゅう
てんき
くもり
あらし
ひがし
みなみ
あそこ
ひだり
うしろ
むこう
ななめ
てまえ
とおい
ちかい
こおり
くうき
けむり
なまり
グラム
センチ
インチ
かいぎ
ホテル
こぜに
きっぷ
きって
つくえ
たたみ
とびら
ふとん
でんき
ふくろ
かばん
インク
ノート
にっき
カバー
はさみ
きもの
わふく
ボタン
ベルト
めがね
どうろ
とおり
くるま
かんじ
すうじ
えいご
てがみ
じしょ
きいろ
みどり
ピンク
れきし
いらい
きゅう
じゅう
ひゃく
ひとつ
ふたつ
みっつ
よっつ
いつつ
むっつ
ななつ
やっつ
こちら
そちら
あちら
どちら
ひみつ
じどう
みらい
すごい
わるい
たかい
ひくい
やすい
ほそい
ふとい
ふるい
わかい
かるい
おもい
かたい
あつい
さむい
うまい
まずい
あまい
からい
にがい
こわい
いたい
かゆい
くさい
つらい
おこる
いきる
かえる
あるく
およぐ
うごく
おどる
うたう
たべる
さわる
なげる
なぐる
すわる
はしる
かわく
みだす
ひえる
さめる
さめる
うまる
ふえる
ふとる
おわる
きめる
さわる
はなす
かたる
つかう
つくる
なおす
すてる
わらう
おこる
ほめる
しかる
あきる
あける
あそぶ
かえる
かえる
しめる
しめる
しめる
はなす
やすむ
ずっと
とても
いいえ
しかし
そして
それに
にんげん
じんるい
わかもの
わたくし
かんごし
かんごふ
せいじか
べんごし
せんせい
きょうし
くちびる
てのひら
かんぞう
きんにく
しんぞう
びょうき
おとうと
いもうと
いきもの
ばけもの
どうぶつ
チーター
オオカミ
にわとり
ゴキブリ
ナメクジ
かいがら
くだもの
だいこん
にんじん
たべもの
りょうり
デザート
のみもの
コーヒー
しょうゆ
ゆうがた
かようび
どようび
たいよう
かみなり
たいふう
きんぞく
メートル
リットル
しゃかい
けいざい
かいしゃ
がっこう
やくしょ
つりせん
げんかん
えんぴつ
チョーク
けしゴム
じょうぎ
ふうとう
ようふく
チャック
くつした
てつどう
ひこうき
くうこう
バスてい
でんしゃ
ひらがな
カタカナ
にほんご
どいつご
しんぶん
パソコン
むらさき
ちゃいろ
はいいろ
オレンジ
おんがく
さんすう
たいいく
スポーツ
システム
ひつよう
ここのつ
ないよう
せいしき
けっこん
げんざい
おおきい
ちいさい
やさしい
つめたい
おいしい
うれしい
たのしい
かなしい
さびしい
さみしい
こわれる
みだれる
つかえる
そなわる
すぐれる
たおれる
かたまる
うもれる
はずれる
はじまる
かなしむ
よろこぶ
よろこび
おどろく
あつまる
つかれる
でかける
はたらく
わかれる
わかれる
しばしば
なぜなら
おとこのこ
おんなのこ
あかちゃん
しょうじょ
しょうねん
けんちくか
エンジニア
りょうしん
きょうだい
カタツムリ
しょくぶつ
ひるごはん
ばんごはん
にちようび
げつようび
すいようび
もくようび
きんようび
こうじょう
ちょうこく
ぶんぼうぐ
ボールペン
ホッチキス
がいこくご
すぺいんご
ふらんすご
じょうほう
べんきょう
すばらしい
あたらしい
むずかしい
やわらかい
しょっぱい
うつくしい
あらわれる
なぐさめる
おとこのひと
おんなのひと
しょうぼうし
けいさつかん
ちょうしょく
サンドイッチ
ぎゅうにゅう
エレベーター
まんねんひつ
ちゅうごくご
ちょうせんご
アイスクリーム
いっしゅうかん
センチメートル
エスカレーター
えんぴつけずり
アルファベット
じどうはんばいき
ローマ字
