# locale:zh-CN
变本加厉
變本加厲
变化多端
變化多端
变化莫测
變化莫測
变幻莫测
變幻莫測
遍体鳞伤
遍體鱗傷
便宜行事
別開生面
别开生面
別具一格
别具一格
別有洞天
别有洞天
別有用心
别有用心
边都沾不上
邊都沾不上
鞭長莫及
鞭长莫及
彪腹狼腰
标新立异
標新立異
表裡一致
表里一致
敗兵折將
败兵折将
拜倒石榴裙下
稗官野史
敗軍之將
败军之将
敗興而歸
败兴而归
敗子回頭
败子回头
扮猪吃老虎
扮豬吃老虎
半壁河山
半壁江山
棒打鴛鴦
棒打鸳鸯
半斤八两
半斤八兩
半路出家
办事不牢
辦事不牢
半生不熟
半死不活
半推半就
半途而废
半途而廢
半信半疑
半新不旧
半新不舊
半真半假
抱得美人归
抱得美人歸
暴跳如雷
報仇雪恨
報讎雪恨
报仇雪恨
报雠雪恨
報仇雪恥
报仇雪耻
抱佛脚
抱佛腳
暴風驟雨
暴风骤雨
暴虎冯河
暴虎馮河
暴殄天物
抱头鼠窜
抱頭鼠竄
豹头环眼
豹頭環眼
豹头猿臂
豹頭猿臂
報喜不報憂
报喜不报忧
暴飲暴食
暴饮暴食
霸王硬上弓
白刀子进红刀子出→白刀子进，红刀子出
白刀子進紅刀子出→白刀子進，紅刀子出
白璧无瑕
白璧無瑕
白璧微瑕
白費唇舌
白费唇舌
白駒過隙
白驹过隙
白面书生
白面書生
白日做夢
白日做梦
白手成家
白手起家
白头偕老
白頭偕老
白云苍狗
白雲蒼狗
白衣战士
白衣戰士
白紙黑字
白纸黑字
白字连篇
白字連篇
白发苍苍
白髮蒼蒼
拔苗助長
拔苗助长
跋前疐后
跋前疐後
跋山涉水
背道而馳
背道而驰
背井离乡
背井離鄉
背水一战
背水一戰
背信弃义
背信棄義
蹦蹦跳跳
笨鳥先飛
笨鸟先飞
必恭必敬
毕恭毕敬
畢恭畢敬
壁立千仞
筚路蓝缕
篳路藍縷
筚门闺窦
篳門閨竇
閉門造車
闭门造车
並駕齊驅
并驾齐驱
並行不悖
并行不悖
毕其功于一役
畢其功於一役
碧眼童顏
碧眼童颜
必不可少
鼻子气歪了
鼻子氣歪了
鼻子不是鼻子脸不是脸
鼻子不是鼻子臉不是臉
博大精深
勃然大怒
博聞強識
博聞彊識
博闻强识
博学强记
博學強記
伯仲叔季
不可或缺
布帛菽粟
步步为营
步步為營
不辞辛苦
不辭辛苦
步調一致
步调一致
步履維艱
步履维艰
步人后尘
步人後塵
不祧之祖
布衣蔬食
不知分寸
不择手段
不擇手段
八竿子打不着
八竿子打不著
八九不离十
八九不離十
八千里路云和月
八千里路雲和月
八字还没一撇
八字還沒一撇
八字还没一撇儿
八字還沒一撇兒
八拜之交
八面見光
八面见光
八面威風
八面威风
八面光
八面玲珑
八面玲瓏
斑駁陸離
斑驳陆离
班門弄斧
班门弄斧
搬弄是非
搬起石头打自己的脚
搬起石頭打自己的腳
班师回朝
班師回朝
包办代替
包辦代替
包办替代
包辦替代
包藏祸心
包藏禍心
包揽词讼
包攬詞訟
包治百病
八仙过海各显神通→八仙过海，各显神通
八仙過海各顯神通→八仙過海，各顯神通
杯酒释兵权
杯酒釋兵權
杯盘狼藉
杯盤狼藉
杯水車薪
杯水车薪
杯弓蛇影
悲欢离合
悲歡離合
悲欢岁月
悲歡歲月
奔走相告
本末倒置
彬彬有礼
彬彬有禮
兵敗如山倒
兵败如山倒
冰肌玉骨
兵精将勇
兵精將勇
兵強將盛
兵强将盛
兵荒馬亂
兵荒马乱
兵临城下
兵臨城下
兵戎相見
兵戎相见
冰山一角
冰天雪地
冰消瓦解
兵微将寡
兵微將寡
宾至如归
賓至如歸
波光粼粼
拨开云雾见青天
撥開雲霧見青天
拨乱反正
撥亂反正
拨云见日
撥雲見日
波涛汹涌
波濤洶湧
百口莫辩
百口莫辯
百步穿杨
百步穿楊
百般刁难
百般刁難
百川归海
百川歸海
百端待举
百端待舉
百讀不厭
百读不厌
百毒不侵
百废俱兴
百废具兴
百廢俱興
百廢具興
百发百中
百發百中
百分之百
百感交集
百喙莫辩
百喙莫辯
百花争妍
百花爭妍
百花齊放
百花齐放
百花争艳
百花爭艷
百花爭豔
百家争鸣
百家爭鳴
百孔千疮
百孔千瘡
百炼成钢
百煉成鋼
百鍊成鋼
百裡挑一
百里挑一
百年大計
百年大计
百年好合
百年树人
百年樹人
百年之后
百年之後
百年不遇
百鳥朝鳳
百鸟朝凤
百事可乐
百事可樂
百思不解
百听不厌
百聽不厭
百万雄师
百萬雄師
百問不厭
百问不厌
百問不厭百拿不煩→百問不厭，百拿不煩
百问不厌百拿不烦→百问不厌，百拿不烦
百无禁忌
百無禁忌
百无聊赖
百無聊賴
百无一二
百無一二
百折不挠
百折不撓
板板六十四
綁赴市曹
绑赴市曹
板上釘釘
板上钉钉
阪上走丸
飽漢不知餓漢飢
飽漢不知餓漢饑
饱汉不知饿汉饥
飽漢子不知餓漢子飢
饱汉子不知饿汉子饥
飽餐一頓
饱餐一顿
宝刀未老
寶刀未老
飽經滄桑
饱经沧桑
飽經風霜
饱经风霜
飽食終日
饱食终日
飽食終日無所用心→飽食終日，無所用心
饱食终日无所用心→饱食终日，无所用心
宝山空回
寶山空回
飽學之士
饱学之士
飽以老拳
饱以老拳
保質保量
保质保量
把水搅浑
把水攪渾
彼一时此一时→彼一时，此一时
彼一時此一時→彼一時，此一時
笔墨纸砚
筆墨紙硯
比手划脚
比手劃腳
比手画脚
比手畫腳
彼众我寡
彼眾我寡
捕風捉影
捕风捉影
传宗接代
傳宗接代
垂帘听政
垂簾聽政
垂手可得
垂头丧气
垂頭喪氣
垂涎三尺
椎心泣血
綽綽有餘
绰绰有余
穿小鞋
川流不息
吹皱一池春水
吹皺一池春水
吹灰之力
吹拉弹唱
吹拉彈唱
吹毛求疵
暢所欲言
畅所欲言
察言觀色
察言观色
柴米油盐酱醋茶
柴米油鹽醬醋茶
柴米油盐
柴米油鹽
長此以往
长此以往
長話短說
长话短说
長年累月
长年累月
長生不老
长生不老
長途跋涉
长途跋涉
長吁短嘆
长吁短叹
蟾宫折桂
蟾宮折桂
趁火打劫
趁热打铁
趁熱打鐵
彻头彻尾
徹頭徹尾
塵埃落定
尘埃落定
陈词滥调
陳詞濫調
乘風破浪
乘风破浪
成也萧何败也萧何→成也萧何，败也萧何
成也蕭何敗也蕭何→成也蕭何，敗也蕭何
成行成市
成家立业
成家立業
城門失火殃及池魚→城門失火，殃及池魚
城门失火殃及池鱼→城门失火，殃及池鱼
成千成万
成千成萬
成千上万
成千上萬
乘勝追擊
乘胜追击
成事不足敗事有餘→成事不足，敗事有餘
成事不足败事有余→成事不足，败事有余
承先启后
承先啟後
乘虚而入
乘虛而入
沈默寡言
沉默寡言
陈腔滥调
陳腔濫調
沈魚落雁
沉魚落雁
沉鱼落雁
赤膊上阵
赤膊上陣
赤橙黃綠
赤橙黄绿
赤身露体
赤身露體
叱吒風雲
叱咤風雲
叱咤风云
赤朱丹彤
池魚之殃
池鱼之殃
持之有故
臭名昭著
重見天日
重见天日
崇山峻岭
崇山峻嶺
崇山峻領
崇山峻领
崇洋媚外
重蹈覆轍
重蹈覆辙
愁眉苦脸
愁眉苦臉
愁眉不展
稠人广坐
稠人廣坐
触景生情
觸景生情
触目惊心
觸目驚心
唇齒相依
唇齿相依
脣齒相依
唇若塗脂
唇若涂脂
脣若塗脂
唇亡齒寒
唇亡齿寒
脣亡齒寒
鋤強扶弱
锄强扶弱
插翅难飞
插翅難飛
差強人意
差强人意
差彊人意
車同軌書同文→車同軌，書同文
车同轨书同文→车同轨，书同文
車載斗量
车载斗量
扯弓搭箭
吃熊心豹子胆
吃熊心豹子膽
嗤之以鼻
吃不了兜着走
吃不了兜著走
吃喝拉撒睡
吃喝拉撒
吃喝嫖賭
吃喝嫖赌
吃喝嫖賭抽
吃喝嫖赌抽
吃喝玩乐
吃喝玩樂
吃苦耐劳
吃苦耐勞
吃裡扒外
吃里扒外
魑魅魍魉
魑魅魍魎
痴人說夢
痴人说梦
抽丝剥茧
抽絲剝繭
出淤泥而不染
出尔反尔
出爾反爾
出乎意料
出口成章
出类拔萃
出類拔萃
出謀劃策
出謀畫策
出谋划策
出谋画策
春暖花开
春暖花開
春風化雨
春风化雨
春花秋月
春夏秋冬
出难题
出難題
出其不意
出人意料
出生入死
出言不逊
出言不遜
楚楚动人
楚楚動人
蠢蠢欲动
蠢蠢欲動
厝火积薪
厝火積薪
錯落有致
错落有致
措手不及
錯綜複雜
错综复杂
才高八斗
才华横溢
才華橫溢
残暴不仁
殘暴不仁
曾經滄海難為水
曾经沧海难为水
层出不穷
層出不窮
辞旧迎新
辭舊迎新
从天而降
從天而降
从容不迫
從容不迫
从心所欲
從心所欲
寸步不离
寸步不離
寸步难行
寸步難行
苍翠欲滴
蒼翠欲滴
沧海桑田
滄海桑田
沧海一粟
滄海一粟
苍蝇不叮无缝的蛋
蒼蠅不叮無縫的蛋
擦枪走火
擦槍走火
聪明伶俐
聰明伶俐
粗茶淡飯
粗茶淡饭
粗心大意
粗枝大叶
粗枝大葉
惨绝人寰
慘絕人寰
惨不忍睹
慘不忍睹
草木皆兵
草菅人命
此地无银三百两
此地無銀三百兩
此起彼落
电光石火
電光石火
鈿合金釵
钿合金钗
調虎離山
调虎离山
顛倒黑白
颠倒黑白
顛沛流離
颠沛流离
彫蟲小技
雕虫小技
雕蟲小技
点头哈腰
點頭哈腰
断章取义
斷章取義
断子绝孙
斷子絕孫
对答如流
對答如流
对号入座
對號入座
对牛弹琴
對牛彈琴
对症下药
對症下藥
多历年所
多歷年所
多愁善感
多采多姿
多此一举
多此一舉
多快好省
多劳多得
多勞多得
多事之秋
大处着眼小处着手→大处着眼，小处着手
大處著眼小處著手→大處著眼，小處著手
大开方便之门
大開方便之門
大眼瞪小眼
大而化之
大包大揽
大包大攬
大錯特錯
大错特错
大才小用
大材小用
大刀闊斧
大刀阔斧
大放厥詞
大放厥词
大腹便便
大发雷霆
大發雷霆
大惑不解
大紅大紫
大红大紫
大海捞针
大海撈針
代代相传
代代相傳
待字閨中
待字闺中
大家閨秀
大家闺秀
大江南北
大街小巷
大吉大利
大惊小怪
大驚小怪
大快朵頤
大快朵颐
大快人心
大浪淘沙
大門不出二門不邁→大門不出，二門不邁
大门不出二门不迈→大门不出，二门不迈
倒抽一口气
倒抽一口氣
倒持干戈
到此为止
到此為止
道德綁架
道德绑架
倒打一耙
道貌岸然
倒竖虎须
倒豎虎鬚
道听涂说
道听途说
道聽塗說
道聽涂說
道聽途說
道聽途説
倒悬之危
倒懸之危
倒行逆施
大权在握
大權在握
大器晚成
大势已去
大勢已去
大失所望
大同小异
大同小異
大相径庭
大相徑庭
大相逕庭
大显神通
大顯神通
大显身手
大顯身手
大言不惭
大言不慚
大搖大擺
大摇大摆
大意失荆州
大意失荊州
大义灭亲
大義滅親
大魚大肉
大鱼大肉
大雅之堂
大有可为
大有可為
大雨如注
大智若愚
得寸进尺
得寸進尺
得理不饒人
得理不饶人
得未曾有
德才兼備
德才兼备
得道多助
得过且过
得過且過
德高望重
得陇望蜀
得隴望蜀
得勝之師
得胜之师
德艺双馨
德藝雙馨
得意扬扬
得意揚揚
得意洋洋
得不偿失
得不償失
第一把交椅
地久天長
地久天长
洞房花烛夜
洞房花燭夜
动手动脚
動手動腳
斗智斗勇
鬥智鬥勇
肚裏的蛔蟲
肚裡的蛔蟲
肚里的蛔虫
遁入空門
遁入空门
度日如年
肚子裏的蛔蟲
肚子裡的蛔蟲
肚子里的蛔虫
独立自主
獨立自主
讀書破萬卷
读书破万卷
独抒性灵
獨抒性靈
独一无二
獨一無二
呆若木雞
呆若木鸡
呆头呆脑
呆頭呆腦
当饭吃
當飯吃
当仁不让
當仁不讓
当头棒喝
當頭棒喝
当务之急
當務之急
当之无愧
當之無愧
刀枪棍棒
刀槍棍棒
刀枪剑戟
刀槍劍戟
刀枪不入
刀槍不入
刀山火海
刀下留人
刀子嘴豆腐心
灯红酒绿
燈紅酒綠
登泰山而小天下
登峰造极
登峰造極
等閑之輩
等閒之輩
等闲之辈
低声下气
低聲下氣
低声细语
低聲細語
低三下四
东家长西家短
東家長西家短
东一句西一句
東一句西一句
东奔西窜
東奔西竄
东奔西走
東奔西走
东窗事发
東窗事發
东风化雨
東風化雨
东观西望
東觀西望
冬暖夏凉
冬暖夏涼
东山再起
東山再起
东施效颦
東施俲矉
東施傚矉
東施傚顰
東施效矉
東施效顰
东逃西窜
東逃西竄
东西南北
東西南北
东西南北中
東西南北中
兜肚连肠
兜肚連腸
打成一片
打草惊蛇
打草驚蛇
打道回府
打虎拍蝇
打虎拍蠅
打开天窗说亮话
打開天窗說亮話
打落牙齒和血吞
打落牙齿和血吞
打落水狗
挡风遮雨
擋風遮雨
党同伐异
黨同伐異
胆小如鼠
膽小如鼠
打破砂鍋問到底
打破砂锅问到底
打情罵俏
打情骂俏
打鐵趁熱
打铁趁热
打砸抢烧
打砸搶燒
頂天立地
顶天立地
鼎力相助
鼎力玉成
鼎足之势
鼎足之勢
泛泛而談
泛泛而谈
放誕不羈
放诞不羁
放荡不羁
放蕩不羈
放浪形骸
放浪不羁
放浪不羈
放手一搏
氾濫成災
泛滥成灾
泛濫成災
房間裡的大象
房间里的大象
防民之口甚于防川→防民之口，甚于防川
防民之口甚於防川→防民之口，甚於防川
防不勝防
防不胜防
繁文縟節
繁文缛节
乏人問津
乏人问津
废嫡立庶
廢嫡立庶
沸沸扬扬
沸沸揚揚
肺腑之言
废寝忘食
廢寢忘食
忿忿不平
愤愤不平
憤憤不平
凤毛麟角
鳳毛麟角
奉子成婚
愤世嫉俗
憤世嫉俗
奋不顾身
奮不顧身
肥头大耳
肥頭大耳
焚书坑儒
焚書坑儒
佛口蛇心
富甲天下
負荊請罪
负荆请罪
妇孺皆知
婦孺皆知
覆水难收
覆水難收
赴汤蹈火
赴湯蹈火
負嵎頑抗
負隅頑抗
负嵎顽抗
负隅顽抗
付之一炬
付之一笑
福大命大造化大
浮生若夢
浮生若梦
发奋图强
發奮圖強
发愤忘食
發憤忘食
翻山越岭
翻山越嶺
翻天覆地
非……不可
飛沙走石
飛砂走石
飞沙走石
飞砂走石
飛走如風
飞走如风
非……才……
分花拂柳
分道扬镳
分道揚鑣
風馬牛不相及
风马牛不相及
鋒不可當
锋不可当
風塵碌碌
风尘碌碌
風餐露宿
风餐露宿
丰富多彩
丰富多采
豐富多彩
豐富多采
風風雨雨
风风雨雨
風華正茂
风华正茂
風花雪月
风花雪月
風和日麗
风和日丽
風流倜儻
风流倜傥
風霜雨雪
风霜雨雪
風土人情
风土人情
風韻猶存
风韵犹存
丰衣足食
豐衣足食
分秒必争
分秒必爭
分庭抗礼
分庭抗禮
分忧共患
分憂共患
分一杯羹
匪夷所思
粉骨碎身
粉身碎骨
夫唱妇随
夫唱婦隨
反唇相稽
反唇相譏
反唇相讥
反脣相稽
反脣相譏
反复无常
反復無常
反覆無常
反客为主
反客為主
返老还童
返老還童
抚髀兴叹
撫髀興嘆
撫髀興歎
釜底抽薪
抚棺痛哭
撫棺痛哭
抚躬自问
撫躬自問
抚今追昔
撫今追昔
俯仰无愧
俯仰無愧
抚养成人
撫養成人
挂羊头卖狗肉
掛羊頭賣狗肉
怪裡怪氣
怪里怪气
怪模怪样
怪模怪樣
貫斗牛
贯斗牛
挂一漏万
挂一漏萬
掛一漏萬
过五关斩六将
過五關斬六將
过关斩将
過關斬將
过河拆桥
過河拆橋
过目难忘
過目難忘
国色天香
國色天香
国泰民安
國泰民安
刮目相看
光天化日
光彩夺目
光彩奪目
光复旧物
光復舊物
光輝燦爛
光辉灿烂
光明磊落
光明正大
光說不幹
光说不干
光說不做
光说不做
鰥寡孤獨
鳏寡孤独
光阴荏苒
光陰荏苒
光宗耀祖
关公面前耍大刀
關公面前耍大刀
关门大吉
關門大吉
关门捉贼
關門捉賊
官样文章
官樣文章
官运亨通
官運亨通
瓜田李下
归根到底
歸根到底
归根结底
归根结柢
歸根結底
歸根結柢
鍋碗瓢盆
锅碗瓢盆
鍋嫌壺黑
锅嫌壶黑
寡不敌众
寡不敵眾
管他三七二十一
鬼也不上門
鬼也不上门
鬼影幢幢
鬼鬼祟祟
鬼哭狼嗥
鬼哭狼嚎
鬼迷心窍
鬼迷心竅
盖棺定论
蓋棺定論
各怀一心
各懷一心
各显神通
各顯神通
各奔前程
各持己見
各持己见
各行各业
各行各業
各就各位
更待何时
更待何時
各抒己見
各抒己见
各行其是
各有千秋
各有所好
各執己見
各执己见
隔岸觀火
隔岸观火
格格不入
隔墙有耳
隔牆有耳
格杀勿论
格殺勿論
隔三差五
隔靴搔痒
隔靴搔癢
供認不諱
供认不讳
共襄盛举
共襄盛舉
顧左右而言他
顾左右而言他
顧不得許多
顾不得许多
顧名思義
顾名思义
故弄玄虚
故弄玄虛
顧全大局
顾全大局
固若金汤
固若金湯
固執己見
固执己见
甘拜下風
甘拜下风
肝胆相照
肝膽相照
刚愎自用
剛愎自用
刚柔相济
剛柔相濟
干将莫邪
干將莫邪
甘井先竭
高矮胖瘦
高山流水
高抬貴手
高抬贵手
高下在心
高枕无忧
高枕無憂
根深蒂固
哽哽咽咽
攻其无备出其不意→攻其无备，出其不意
攻其無備出其不意→攻其無備，出其不意
功不可沒
功不可没
公筷母匙
功亏一篑
功虧一簣
公明正大
公正廉明
供不应求
供不應求
功微德薄
孤力难为
孤力難為
孤军奋斗
孤軍奮鬥
孤军奋战
孤軍奮戰
孤苦伶仃
孤苦零丁
孤立无援
孤立無援
孤陋寡聞
孤陋寡闻
沽名釣譽
沽名钓誉
孤注一掷
孤注一擲
改朝换代
改朝換代
改过自新
改過自新
改邪归正
改邪歸正
改行自新
赶尽杀绝
趕盡殺絕
感激涕零
感激不尽
感激不盡
感同身受
敢做敢当
敢做敢當
狗改不了吃屎
狗咬吕洞宾
狗咬呂洞賓
狗咬狗
狗嘴裏吐不出象牙
狗嘴裡吐不出象牙
狗嘴里吐不出象牙
鼓洪炉燎毛发
鼓洪爐燎毛髮
股掌之上
骨鯁在喉
骨鲠在喉
古今东西
古今東西
古今中外
滚瓜烂熟
滾瓜爛熟
鼓舌如簧
骨瘦如柴
骨瘦如豺
古色古香
古往今來
古往今来
鼓舞人心
化腐朽为神奇
化腐朽為神奇
化干戈为玉帛
化干戈為玉帛
画虎不成反类犬
畫虎不成反類犬
化险为夷
化險為夷
画饼充饥
畫餅充飢
畫餅充饑
画龙点睛
畫龍點睛
换汤不换药
換湯不換藥
擐甲持戈
患难之交
患難之交
焕然一新
煥然一新
换位思考
換位思考
划清界线
劃清界線
画蛇添足
畫蛇添足
化雨春風
化雨春风
华而不实
華而不實
怀才不遇
懷才不遇
怀璧其罪
懷璧其罪
惶惶不安
黃粱一夢
黄粱一梦
黃袍加身
黄袍加身
皇亲国戚
皇親國戚
黃鼠狼給雞拜年
黄鼠狼给鸡拜年
皇天后土
华夷一家
華夷一家
繪聲繪色
绘声绘色
惠風和暢
惠风和畅
回家吃自己
回眸一笑
回头是岸
回頭是岸
回味无穷
回味無窮
祸在目前
禍在目前
或多或少
豁然开朗
豁然開朗
獲益匪淺
获益匪浅
祸不单行
禍不單行
活得不耐烦
活得不耐煩
花花世界
花好月圆
花好月圓
花見花開
花见花开
花哩胡哨
花藜胡哨
花裏胡哨
花裡胡哨
花里胡哨
花鳥蟲魚
花鸟虫鱼
花鳥魚蟲
花鸟鱼虫
欢天喜地
歡天喜地
花天酒地
花心萝卜
花心蘿蔔
花言巧語
花言巧语
花枝招展
灰心丧气
灰心喪氣
恍然大悟
恍如隔世
悔之晚矣
悔过自新
悔過自新
毀於一旦
毁于一旦
火冒三丈
火上浇油
火上澆油
火上加油
火中取栗
駭人聽聞
骇人听闻
汉贼不两立
漢賊不兩立
沆瀣一气
沆瀣一氣
汗流浃背
汗流浹背
汗牛充栋
汗牛充棟
好管閒事
好管闲事
好吃懒做
好吃懶做
好大喜功
好高騖遠
好高骛远
好利忘义
好利忘義
好謀無斷
好谋无断
好色之徒
好賢禮士
好贤礼士
好学不倦
好學不倦
邯郸学步
邯鄲學步
含情脈脈
含情脉脉
含笑九泉
豪放不羁
豪放不羈
毫不費力
毫不费力
恨鐵不成鋼
恨铁不成钢
恨不相逢未嫁时
恨不相逢未嫁時
恨入骨髓
恨入心髓
恨之切骨
恨之入骨
鶴髮童顏
鹤发童颜
和蔼可亲
和藹可親
河东狮吼
河東獅吼
河东狮子
河東獅子
和睦相处
和睦相處
横空出世
橫空出世
横眉竖眼
橫眉豎眼
横七竖八
橫七豎八
横行无忌
橫行無忌
和平共处
和平共處
合情合理
何去何从
何去何從
河水不犯井水
和尚打伞——无法无天
和尚打傘——無法無天
合作无间
合作無間
何足挂齿
何足掛齒
厚德載物
厚德载物
后继无人
後繼無人
厚积薄发
厚積薄發
后来居上
後來居上
后生可畏
後生可畏
厚顏無恥
厚颜无耻
紅光紫霧
红光紫雾
紅透半邊天
红透半边天
紅白喜事
红白喜事
紅白大事
红白大事
紅白事
红白事
紅粉佳人
红粉佳人
紅光滿面
红光满面
洪荒之力
洪炉燎发
洪爐燎髮
鴻雁哀鳴
鴻雁傳書
鸿雁传书
紅顏禍水
红颜祸水
猴年馬月
猴年马月
怙恶不悛
怙惡不悛
互利互惠
混淆是非
混淆視聽
混淆视听
胡吃海塞
狐假虎威
胡搅蛮缠
胡攪蠻纏
囫囵吞枣
囫圇吞棗
魂飛天外
魂飞天外
魂不附体
魂不附體
魂飛魄散
魂飞魄散
浑浑噩噩
渾渾噩噩
浑水摸鱼
渾水摸魚
混水摸魚
混水摸鱼
浑身解数
渾身解數
狐朋狗友
狐羣狗黨
狐群狗党
狐群狗黨
胡說八道
胡说八道
胡言汉语
胡言漢語
胡言乱语
胡言亂語
酣暢淋漓
酣畅淋漓
喝西北風
喝西北风
呵呵大笑
呼風喚雨
呼风唤雨
婚丧嫁娶
婚喪嫁娶
呼天抢地
呼天搶地
海底摸針
海底摸针
海內存知己天涯若比鄰→海內存知己，天涯若比鄰
海内存知己天涯若比邻→海内存知己，天涯若比邻
海內人望
海内人望
海內一統
海内一统
喊声震天
喊聲震天
好花插在牛粪上
好花插在牛糞上
好气又好笑
好氣又好笑
好鋼用在刀刃上
好钢用在刀刃上
好景不長
好景不长
好來好去
好来好去
好人好事
好事多磨
好戏还在后头
好戲還在後頭
好心沒好報
好心没好报
虎体狼腰
虎體狼腰
虎体猿臂
虎體猿臂
虎无爪鸟无翼→虎无爪，鸟无翼
虎無爪鳥無翼→虎無爪，鳥無翼
虎豹豺狼
虎入羊羣
虎入羊群
虎視眈眈
虎视眈眈
虎头蛇尾
虎頭蛇尾
虎体熊腰
虎體熊腰
嫁祸于人
嫁禍於人
价廉物美
價廉物美
剑拔弩张
劍拔弩張
見利忘義
见利忘义
見馬克思
见马克思
箭在弦上不得不发→箭在弦上，不得不发
箭在弦上不得不發→箭在弦上，不得不發
剑胆琴心
劍膽琴心
見怪不怪
见怪不怪
見仁見智
见仁见智
渐入佳境
漸入佳境
見信如面
见信如面
見字如面
见字如面
叫好又叫座
叫好不叫座
叫天天不应叫地地不灵→叫天天不应，叫地地不灵
叫天天不應叫地地不靈→叫天天不應，叫地地不靈
叫苦连天
叫苦連天
戛然而止
借刀杀人
借刀殺人
借尸还魂
借屍還魂
桀驁不馴
桀骜不驯
節哀順變
节哀顺变
結草銜環
结草衔环
竭尽全力
竭盡全力
截然不同
捷足先登
救困扶危
救人如救火
咎由自取
救命之恩
旧情复燃
舊情復燃
就我所知
旧雨新知
舊雨新知
家常便飯
家常便饭
坚持不懈
堅持不懈
坚定不移
堅定不移
江翻海沸
将计就计
將計就計
僵持不下
江河湖海
江河日下
江郎才尽
江郎才盡
江山永固
姜太公釣魚
姜太公钓鱼
艰苦奋斗
艱苦奮鬥
尖酸刻薄
坚贞不屈
堅貞不屈
交臂失之
胶柱鼓瑟
膠柱鼓瑟
交錯縱橫
交错纵横
鷦鷯一枝
鹪鹩一枝
驕奢淫佚
驕奢淫逸
骄奢淫佚
骄奢淫逸
娇生惯养
嬌生慣養
交头接耳
交頭接耳
佳人薄命
家徒四壁
家喻戶曉
家喻户晓
接二连三
接二連三
皆大欢喜
皆大歡喜
接踵而至
解鈴還須繫鈴人
解铃还须系铃人
赳赳武夫
假痴不癫
假痴不癲
假癡不癲
假道伐虢
简单粗暴
簡單粗暴
简明扼要
簡明扼要
絞盡腦汁
绞尽脑汁
脚踏实地
腳踏實地
狡兔三窟
矫枉过正
矯枉過正
甲乙丙丁
酒后吐真言
酒後吐真言
九牛二虎之力
久而久之
酒过数巡
酒過數巡
久假不归
久假不歸
九牛一毛
九曲十八弯
九曲十八彎
酒色財氣
酒色财气
九死一生
九霄云外
九霄雲外
久仰大名
絕處逢生
绝处逢生
决一死战
決一死戰
計將安出
计将安出
祭神如神在
既生瑜何生亮→既生瑜，何生亮
鏡花水月
镜花水月
敬酒不吃吃罚酒
敬酒不吃吃罰酒
净身出户
淨身出戶
敬賢禮士
敬贤礼士
进酒作乐
進酒作樂
尽善尽美
盡善盡美
进退维谷
進退維谷
进退两难
進退兩難
尽心竭力
盡心竭力
既往不咎
記憶猶新
记忆犹新
既有今日何必当初→既有今日，何必当初
既有今日何必當初→既有今日，何必當初
即以其人之道还治其人之身→即以其人之道，还治其人之身
即以其人之道還治其人之身→即以其人之道，還治其人之身
急流勇退
佶屈聱牙
集腋成裘
聚精会神
聚精會神
据理力争
據理力爭
聚沙成塔
聚少离多
聚少離多
据我所知
據我所知
雞犬不驚
鸡犬不惊
飢腸轆轆
饑腸轆轆
饥肠辘辘
雞蛋裏挑骨頭
雞蛋裡挑骨頭
鷄蛋裏挑骨頭
鸡蛋里挑骨头
肌肤之亲
肌膚之親
雞骨支床
雞骨支牀
鸡骨支床
掎角之势
掎角之勢
犄角之势
犄角之勢
饑饉荐臻
饑饉薦臻
饥馑荐臻
雞毛當令箭
鸡毛当令箭
雞毛蒜皮
鷄毛蒜皮
鸡毛蒜皮
金瓯无缺
金甌無缺
金碧輝煌
金碧辉煌
金蝉脱壳
金蟬脫殼
金城汤池
金城湯池
今非昔比
惊弓之鸟
驚弓之鳥
經宿不歸
经宿不归
精虫上脑
精蟲上腦
精打細算
精打细算
惊惶失措
驚惶失措
惊慌失措
驚慌失措
兢兢业业
兢兢業業
精疲力尽
精疲力盡
旌旗蔽日
經史子集
经史子集
經天緯地
经天纬地
泾渭分明
涇渭分明
精卫填海
精衛填海
精益求精
金刚不坏之身
金剛不壞之身
金鼓齊鳴
金鼓齐鸣
金鼓喧天
斤斤較量
斤斤较量
斤斤計較
斤斤计较
津津乐道
津津樂道
津津有味
金兰之交
金蘭之交
金盆洗手
今生今世
金童玉女
金屋藏娇
金屋藏嬌
金銀銅鐵
金银铜铁
金銀銅鐵錫
金银铜铁锡
金玉良言
今朝有酒今朝醉
金枝玉叶
金枝玉葉
金不换
金不換
金发碧眼
金髮碧眼
雞皮鶴髮
鸡皮鹤发
雞犬不寧
鸡犬不宁
基情四射
积少成多
積少成多
雞同鴨講
鸡同鸭讲
雞鴨魚肉
鸡鸭鱼肉
飢不擇食
饥不择食
居安思危
居高临下
居高臨下
井底之蛙
井井有条
井井有條
井水不犯河水
錦囊妙計
锦囊妙计
謹小慎微
谨小慎微
己所不欲勿施于人→己所不欲，勿施于人
己所不欲勿施於人→己所不欲，勿施於人
举动荆棘
舉動荊棘
举世瞩目
舉世矚目
举手投足
舉手投足
举手之劳
舉手之勞
举足轻重
舉足輕重
举一反三
舉一反三
脍炙人口
膾炙人口
旷日持久
曠日持久
旷世逸才
曠世逸才
狂風怒號
狂风怒号
溃不成军
潰不成軍
睽违已久
睽違已久
夸父追日
夸父逐日
匡君救主
匡时济世
匡時濟世
看怎么说
看怎麼說
刻骨銘心
刻骨铭心
克己奉公
刻舟求剑
刻舟求劍
刻不容緩
刻不容缓
开诚布公
開誠布公
开花结果
開花結果
开门七件事
開門七件事
开门见山
開門見山
开天辟地
開天辟地
開天闢地
慷他人之慨
慷慨激昂
苛捐杂税
苛捐雜稅
顆粒無收
颗粒无收
坑蒙拐騙
坑蒙拐骗
坑蒙拐騙偷
坑蒙拐骗偷
可共患难
可共患難
可遇而不可求
可歌可泣
可圈可点
可圈可點
可望而不可即
可想而知
空空如也
空前絕後
空前绝后
空穴來風
空穴来风
口耳相传
口耳相傳
口传心授
口傳心授
口乾舌燥
口干舌燥
口蜜腹剑
口蜜腹劍
口吐白沫
口无遮拦
口無遮攔
口誅筆伐
口诛笔伐
苦大仇深
苦辣酸甜
苦不堪言
量力而为
量力而為
量力而行
量入为出
量入為出
量体裁衣
量體裁衣
料事如神
连……带……
連……帶……
良禽择木
良禽擇木
梁上君子
樑上君子
连滚带爬
連滾帶爬
连篇累牍
連篇累牘
连生贵子
連生貴子
怜香惜玉
憐香惜玉
连轴转
連軸轉
寥寥数语
寥寥數語
撩人心弦
流芳百世
流连忘返
流連忘返
流离失所
流離失所
留中不发
留中不發
两害相权取其轻
兩害相權取其輕
两败俱伤
兩敗俱傷
两鬓斑白
兩鬢斑白
两小无猜
兩小無猜
了如指掌
瞭如指掌
柳暗花明
柳暗花明又一村
乱点鸳鸯谱
亂點鴛鴦譜
乱七八糟
亂七八糟
鸞鳳和鳴
鸾凤和鸣
鸞交鳳友
鸾交凤友
鸞飄鳳泊
鸾飘凤泊
鸞翔鳳集
鸾翔凤集
鸞翔鳳翥
鸾翔凤翥
落地生根
落花有意流水无情→落花有意，流水无情
落花有意流水無情→落花有意，流水無情
落花流水
落荒而逃
落荒而走
落井下石
落落大方
落水的凤凰不如鸡
落水的鳳凰不如雞
落拓不羁
落拓不羈
洛阳纸贵
洛陽紙貴
滥杀无辜
濫殺無辜
滥竽充数
濫竽充數
來無影去無蹤
来无影去无踪
來歷不明
来历不明
來龍去脈
来龙去脉
來之不易
来之不易
狼心狗行
狼吞虎咽
狼吞虎嚥
劳民伤财
勞民傷財
劳燕分飞
勞燕分飛
牢狱之灾
牢獄之災
泪下如雨
淚下如雨
泪流满面
淚流滿面
泪如泉涌
淚如泉湧
愣头愣脑
愣頭愣腦
乐善好施
樂善好施
乐在其中
樂在其中
乐不可支
樂不可支
乐不思蜀
樂不思蜀
雷打不动
雷打不動
雷厉风行
雷厲風行
雷声大雨点小→雷声大，雨点小
雷聲大雨點小→雷聲大，雨點小
立竿見影
立竿见影
历尽艰辛
歷盡艱辛
历历可数
歷歷可數
历历在目
歷歷在目
令人髮指
丽日光天
麗日光天
力所能及
力挽狂澜
力挽狂瀾
例行公事
立于不败之地
立於不敗之地
力不从心
力不從心
狸猫换太子
狸貓換太子
林林总总
林林總總
鱗次櫛比
鳞次栉比
灵机一动
靈機一動
綾羅綢緞
绫罗绸缎
麟角凤毛
麟角鳳毛
临渴掘井
臨渴掘井
临难苟免
臨難苟免
临渊羡鱼
臨淵羨魚
临阵磨枪
臨陣磨槍
临阵脱逃
臨陣脫逃
临危授命
臨危授命
龍盤虎踞
龍蟠虎踞
龙盘虎踞
龙蟠虎踞
龍驤虎步
龙骧虎步
龍行虎步
龙行虎步
龍鳳呈祥
龙凤呈祥
龍飛鳳舞
龙飞凤舞
龍肝鳳髓
龙肝凤髓
龍蛇混雜
龙蛇混杂
龍躍鳳鳴
龙跃凤鸣
露齒而笑
露齿而笑
碌碌无为
碌碌無為
論資排輩
论资排辈
鹿死誰手
鹿死谁手
略无忌惮
略無忌憚
略无禁惮
略無禁憚
略勝一籌
略胜一筹
略跡原情
略迹原情
拉山头
拉山頭
累卵之急
磊磊落落
冷嘲热讽
冷嘲熱諷
冷热酸甜
冷熱酸甜
冷眼旁觀
冷眼旁观
朗朗上口
老而不死是为贼
老而不死是為賊
老夫老妻
老驥伏櫪
老骥伏枥
老謀深算
老谋深算
老馬識途
老马识途
老牛吃嫩草
老少咸宜
老神在在
老生常談
老生常譚
老生常谈
老生常谭
礼多人不怪
禮多人不怪
礼尚往来
禮尚往來
礼贤下士
禮賢下士
李代桃僵
澧兰沅芷
澧蘭沅芷
理屈詞窮
理屈词穷
理所当然
理所當然
裏外不是人
裡外不是人
里外不是人
李下瓜田
裏應外合
裡應外合
里应外合
魯魚亥豕
鲁鱼亥豕
驢唇不對馬嘴
驢脣不對馬嘴
驴唇不对马嘴
侣鱼虾而友麋鹿
侶魚蝦而友麋鹿
屡教不改
屢教不改
屡禁难绝
屢禁難絕
屡禁难止
屢禁難止
屡禁不止
屢禁不止
面如冠玉
面如土色
面如重枣
面如重棗
面恶心善
面惡心善
面壁思过
面壁思過
面紅耳赤
面红耳赤
面面俱到
面面相覷
面面相觑
面目全非
面善心狠
面无表情
面無表情
妙語連珠
妙语连珠
卖官鬻爵
賣官鬻爵
麥秀黍油
麦秀黍油
卖友求荣
賣友求榮
漫山塞野
漫山遍野
冒天下之大不韙
冒天下之大不韪
冒烟突火
冒煙突火
茂林修竹
冒名頂替
冒名顶替
麻木不仁
盲婚哑嫁
盲婚啞嫁
忙忙匆匆
茫然自失
盲人摸象
瞒天过海
瞞天過海
毛骨悚然
毛骨竦然
毛骨耸然
毛骨聳然
毛遂自荐
毛遂自薦
夢寐以求
梦寐以求
孟母三迁
孟母三遷
悶悶不樂
闷闷不乐
沒大沒小
没大没小
眉飛色舞
眉飞色舞
沒精打彩
沒精打采
没精打彩
没精打采
梅开二度
梅開二度
眉來眼去
眉来眼去
眉清目秀
沒日沒夜
没日没夜
門當戶對
门当户对
蒙在鼓裏
蒙在鼓裡
蒙在鼓里
門庭若市
门庭若市
蜜餞砒霜
蜜饯砒霜
密密麻麻
命世之才
命途多舛
名不見經傳
名不见经传
名存实亡
名存實亡
名副其实
名副其實
名符其实
名符其實
名花有主
明鏡高懸
明镜高悬
鳴金收軍
鸣金收军
名列前茅
名落孙山
名落孫山
名門望族
名门望族
明目张胆
明目張膽
明修栈道暗渡陈仓→明修栈道，暗渡陈仓
明修棧道暗渡陳倉→明修棧道，暗渡陳倉
名正言順
名正言顺
明知山有虎偏向虎山行→明知山有虎，偏向虎山行
明知故犯
明知故問
明知故问
明知就裏
明知就裡
明知就里
民脂民膏
弥天亘地
彌天亙地
弥足珍贵
彌足珍貴
莫報萬一
莫报万一
莫敢誰何
莫敢谁何
莫名其妙
莫明其妙
脈脈含情
脉脉含情
莫衷一是
漠不关心
漠不關心
模棱两可
模棱兩可
模稜两可
模稜兩可
摩拳擦掌
磨拳擦掌
謀臣武將
谋臣武将
目不暇給
目不暇给
目不邪視
目不邪视
目不轉睛
目不转睛
沐猴而冠
沐猴冠冕
墓木已拱
目无尊长
目無尊長
目中无人
目中無人
目不識丁
目不识丁
猫哭耗子——假慈悲
貓哭耗子——假慈悲
悶聲不響
闷声不响
每况愈下
每況愈下
美伦美焕
美倫美煥
美輪美奐
美轮美奂
美其名曰
美中不足
摸着石头过河
摸著石頭過河
摸不着头脑
摸不著頭腦
摸棱两可
摸棱兩可
摸稜兩可
摸爬滚打
摸爬滾打
馬不及鞍
马不及鞍
馬耳東風
马耳东风
馬到成功
马到成功
馬到功成
马到功成
买椟还珠
買櫝還珠
满城风雨
滿城風雨
满腹经纶
滿腹經綸
满面春风
滿面春風
满面笑容
滿面笑容
满头大汗
滿頭大汗
满载而归
滿載而歸
靡靡之音
念念不忘
年久失修
牛鬼蛇神
牛皮灯笼
牛皮燈籠
牛头马面
牛頭馬面
耐人寻味
耐人尋味
難兄難弟
南北东西
南北東西
南郭处士
南郭處士
南柯一夢
南柯一梦
男女老少
男女老幼
南腔北調
南腔北调
难兄难弟
南轅北轍
南辕北辙
难言之隐
難言之隱
难以启齿
難以啟齒
难以置信
難以置信
呶呶不休
內柔外剛
内柔外刚
能歌善舞
能說會道
能说会道
宁缺毋滥
寧缺毋濫
逆水行舟
泥牛入海
弄假成真
弄巧成拙
弄瓦之喜
弄虚作假
弄虛作假
弄璋之喜
浓妆艳抹
濃妝艷抹
濃妝豔抹
濃粧艷抹
濃粧豔抹
怒目咬牙
怒气填胸
怒氣填胸
怒不可遏
哪壶不开提哪壶
哪壺不開提哪壺
那壶不开提那壶
那壺不開提那壺
脑满肠肥
腦滿腸肥
你做初一我做十五
你情我愿
你情我願
你死我活
女大十八变
女大十八變
片甲不回
胼手胝足
漂洋过海
漂洋過海
派上用场
派上用場
怕老婆
傍若无人
傍若無人
旁若无人
旁若無人
庞然大物
龐然大物
螃蟹精神
螃蟹心理
螃蟹心态
螃蟹心態
槃根錯節
槃根错节
盘根错节
盤根錯節
蟠根錯節
蟠根错节
盘龙卧虎
盤龍臥虎
碰釘子
碰钉子
鵬程萬里
鹏程万里
朋比为奸
朋比為奸
牝雞司晨
牝鸡司晨
屁者先知
皮笑肉不笑
皮包骨头
皮包骨頭
皮裡陽秋
皮里阳秋
貧富懸殊
贫富悬殊
平分秋色
平起平坐
萍水相逢
平易近人
破財消災
破财消灾
破釜沉舟
破鏡重圓
破镜重圆
破烂不堪
破爛不堪
破天荒
破涕为笑
破涕為笑
破涕爲笑
迫在眉睫
迫不得已
迫不及待
暴尸于市
暴尸於市
暴屍於市
蒲柳之姿
拍案惊奇
拍案驚奇
抛出砖去引回玉来→抛出砖去，引回玉来
拋出磚去引回玉來→拋出磚去，引回玉來
抛砖引玉
拋磚引玉
趴趴走
捧腹大笑
披肝沥胆
披肝瀝膽
批孔扬秦
批孔揚秦
拼命三郎
披星带月
披星帶月
披星戴月
披发左衽
披髮左衽
被发左衽
被髮左衽
扑朔迷离
撲朔迷離
鋪霜湧雪
铺霜涌雪
鋪天蓋地
铺天盖地
否极泰来
否極泰來
品学兼优
品學兼優
恰到好处
恰到好處
恰如其分
前怕狼后怕虎
前怕狼後怕虎
前赴后继
前赴後繼
強弓硬弩
强弓硬弩
墙头草
牆頭草
前功尽弃
前功盡棄
前后矛盾
前後矛盾
前后不一
前後不一
前倨后恭
前倨後恭
乾坤一掷
乾坤一擲
黔驢技窮
黔驴技穷
前事不忘后事之师→前事不忘，后事之师
前事不忘後事之師→前事不忘，後事之師
前所未有
前遮后拥
前遮後擁
乔迁之喜
喬遷之喜
切切私語
切切私语
窃窃私语
竊竊私語
穷根究底
窮根究底
穷困潦倒
窮困潦倒
求生不得求死不能→求生不得，求死不能
求同存异
求同存異
千里姻緣一線牽
千里姻缘一线牵
千恩万谢
千恩萬謝
千变万化
千變萬化
千錘百煉
千錘百鍊
千锤百炼
千疮百孔
千瘡百孔
千差万别
千差萬別
千方百計
千方百计
枪打出头鸟
槍打出頭鳥
千古罪人
千军万马
千軍萬馬
千鈞一髮
千钧一发
千里之行始于足下→千里之行，始于足下
千里之行始於足下→千里之行，始於足下
千篇一律
千秋万代
千秋萬代
千乘万骑
千乘萬騎
千辛万苦
千辛萬苦
千言万语
千言萬語
千真万确
千真萬確
千載一遇
千载一遇
敲竹杠
敲竹槓
切磋琢磨
秋波送情
秋風掃落葉
秋风扫落叶
秋毫无犯
秋毫無犯
秋后算帐
秋後算帳
強不知以為知
强不知以为知
強詞奪理
强词夺理
巧言令色
全军覆没
全军覆灭
全軍覆沒
全軍覆滅
全力以赴
全神貫注
全神贯注
全心全意
权宜之计
權宜之計
犬馬之報
犬马之报
犬馬之力
犬马之力
弃暗投明
棄暗投明
弃旧换新
棄舊換新
罄竹难书
罄竹難書
气势旁礴
气势旁薄
气势磅礡
气势磅礴
气势磅薄
氣勢旁礴
氣勢旁薄
氣勢磅礡
氣勢磅礴
氣勢磅薄
器宇軒昂
器宇轩昂
气宇轩昂
氣宇軒昂
泣不成声
泣不成聲
气谊相投
氣誼相投
奇恥大辱
奇耻大辱
齊大非偶
齐大非偶
齊東野語
齐东野语
旗鼓相当
旗鼓相當
奇花异草
奇花異草
騎虎難下
骑虎难下
其乐无穷
其樂無窮
騎驢找馬
骑驴找马
擎天駕海
擎天驾海
晴天霹雳
晴天霹靂
情有可原
勤工俭学
勤工儉學
情不自禁
琴瑟琵琶
擒賊擒王
擒贼擒王
齊齊整整
齐齐整整
齊頭並進
齐头并进
奇文共賞
奇文共赏
奇形怪状
奇形怪狀
齊心戮力
齐心戮力
奇装异服
奇裝異服
旗帜鲜明
旗幟鮮明
去芜存菁
去蕪存菁
羣魔亂舞
群魔乱舞
群魔亂舞
羣情激憤
群情激愤
群情激憤
群言堂
欺天罔地
七除八扣
欺君罔上
七零八落
亲冒矢石
親冒矢石
卿卿我我
輕於鴻毛
轻于鸿毛
輕而易舉
轻而易举
倾城倾国
傾城傾國
青春年少
青灯黄卷
青燈黃卷
倾国倾城
傾國傾城
青紅皂白
青红皂白
倾家荡产
傾家盪產
傾家蕩產
青面獠牙
青梅竹馬
青梅竹马
倾盆大雨
傾盆大雨
青史传名
青史傳名
青天白日满地红
青天白日滿地紅
輕重緩急
轻重缓急
七年之痒
七年之癢
欺人太甚
七月流火
七嘴八舌
屈己待人
曲意逢迎
曲折离奇
曲折離奇
屈指可数
屈指可數
起承轉合
起承转合
請君入瓮
請君入甕
请君入瓮
杞人忧天
杞人憂天
起早貪黑
起早贪黑
取而代之
曲高和寡
娶妻娶德
娶妻生子
弱水三千只取一瓢飲→弱水三千，只取一瓢飲
弱水三千只取一瓢饮→弱水三千，只取一瓢饮
若无其事
若無其事
弱不禁風
弱不禁风
热火朝天
熱火朝天
热泪盈眶
熱淚盈眶
任人唯亲
任人唯親
人殊意异
人殊意異
仁者見仁智者見智→仁者見仁，智者見智
仁者见仁智者见智→仁者见仁，智者见智
人不像人鬼不像鬼→人不像人，鬼不像鬼
人不知鬼不覺→人不知，鬼不覺
人不知鬼不觉→人不知，鬼不觉
人地生疏
人高馬大
人高马大
人傑地靈
人杰地灵
人間天上
人间天上
人間蒸發
人间蒸发
人艰不拆
人艱不拆
人尽可夫
人盡可夫
人困馬乏
人困马乏
人面桃花
人情冷暖
人情世故
仁人君子
人神共愤
人神共憤
人山人海
人声鼎沸
人聲鼎沸
人生如夢
人生如梦
人心隔肚皮
人心不足蛇吞象
人心惶惶
仁心仁术
仁心仁術
人心不古
人云亦云
人之常情
人走茶凉
人走茶涼
日积月累
日積月累
日行千里
日出而作日入而息→日出而作，日入而息
日复一日
日復一日
日久生情
日日夜夜
日上三竿
日行一善
日新月异
日新月異
肉顫心驚
肉颤心惊
肉中刺眼中釘→肉中刺，眼中釘
肉中刺眼中钉→肉中刺，眼中钉
榮華富貴
荣华富贵
融会贯通
融會貫通
融为一体
融為一體
入境随俗
入境隨俗
入木三分
入乡随俗
入鄉隨俗
如出一轍
如出一辙
如雷灌耳
如雷貫耳
如雷贯耳
如履平地
如入无人之境
如入無人之境
如雨駢集
如雨骈集
如之奈何
如法炮制
如法炮製
如火如荼
如虎添翼
如胶似漆
如膠似漆
如临大敌
如臨大敵
如临深渊
如臨深淵
如履薄冰
如日中天
如丧考妣
如喪考妣
如約而至
如约而至
如意郎君
如意算盘
如意算盤
如影随形
如影隨形
如醉如痴
如醉如癡
如坐針氈
如坐针毡
忍气吞声
忍氣吞聲
忍无可忍
忍無可忍
忍辱偷生
惹事生非
乳臭未乾
乳臭未干
說時遲那時快→說時遲，那時快
说时迟那时快→说时迟，那时快
說來話長
说来话长
說學逗唱
说学逗唱
水到渠成
水火不容
水尽鹅飞
水盡鵝飛
水落石出
水陆毕陈
水陸畢陳
水深火热
水深火熱
水土不服
水泄不通
水洩不通
水中捞月
水中撈月
善者不辩辩者不善→善者不辩，辩者不善
善者不辯辯者不善→善者不辯，辯者不善
上穷碧落下黄泉
上窮碧落下黃泉
上知天文下知地理→上知天文，下知地理
上諂下驕
上谄下骄
上窜下跳
上竄下跳
上房揭瓦
上气不接下气
上氣不接下氣
上上大吉
上上下下
上山下乡
上山下鄉
上天无路入地无门→上天无路，入地无门
上天無路入地無門→上天無路，入地無門
上天下地
上吐下泻
上吐下瀉
上屋抽梯
上下其手
上行下效
上不着天下不着地→上不着天，下不着地
上不著天下不著地→上不著天，下不著地
善解人意
善有善報
善有善报
歃血为盟
歃血為盟
拾級而上
拾级而上
剩水残山
剩水殘山
甚嚣尘上
甚囂塵上
舌灿莲花
舌燦蓮花
神龍見首不見尾
神龙见首不见尾
神出鬼沒
神出鬼没
神采奕奕
繩之以法
绳之以法
神魂飄盪
神魂飄蕩
神魂飘荡
神志不清
恃宠而骄
恃寵而驕
势如奔马
勢如奔馬
势如破竹
勢如破竹
势不可当
勢不可當
事半功倍
事倍功半
事到如今
适得其反
適得其反
是非顛倒
是非颠倒
是非分明
是非黑白
是非曲直
是非不分
飾非文過
饰非文过
世風日下
世风日下
事过境迁
事過境遷
事后诸葛亮
事後諸葛亮
势均力敌
勢均力敵
适可而止
適可而止
拭目以待
士农工商
士農工商
視若無睹
视若无睹
事实胜于雄辩
事實勝於雄辯
仕途多蹇
世外桃源
事与愿违
事與願違
适者生存
適者生存
事在人为
事在人為
事不过三
事不過三
事不宜迟
事不宜遲
石破天惊
石破天驚
十万八千里
十萬八千里
食之无味弃之可惜→食之无味，弃之可惜
食之無味棄之可惜→食之無味，棄之可惜
时不可失
時不可失
十八般武艺
十八般武藝
石沉大海
十动然拒
十動然拒
时过境迁
時過境遷
实话实说
實話實說
拾金不昧
十里洋场
十里洋場
十面埋伏
十全十美
食肉寝皮
食肉寢皮
实事求是
實事求是
实心实意
實心實意
食言而肥
食慾不振
食欲不振
十有八九
十指相扣
时不我待
時不我待
授人以柄
瘦死的駱駝比馬大
瘦死的骆驼比马大
壽比南山
寿比南山
受宠若惊
受寵若驚
授受不亲
授受不親
壽終正寢
寿终正寝
术业有专攻
術業有專攻
树功立业
樹功立業
順我者生逆我者死→順我者生，逆我者死
顺我者生逆我者死→顺我者生，逆我者死
順理成章
顺理成章
順手牽羊
顺手牵羊
树上开花
樹上開花
束手待斃
束手待毙
束手就擒
束手无策
束手無策
束之高閣
束之高阁
竖子不足与谋
豎子不足與謀
杀鸡给猴看
殺雞給猴看
杀鸡儆猴
杀鸡警猴
殺雞儆猴
殺雞警猴
殺鷄儆猴
杀鸡取卵
殺雞取卵
殺鷄取卵
杀鸡吓猴
殺雞嚇猴
山重水复
山重水複
山青水秀
山崩地裂
伤筋动骨
傷筋動骨
山盟海誓
山穷水尽
山窮水盡
山珍海錯
山珍海错
山珍海味
杀身成仁
殺身成仁
杀一儆百
杀一警百
殺一儆百
殺一警百
鎩羽而歸
铩羽而归
深沟高垒
深溝高壘
身在曹營心在漢
身在曹营心在汉
身不由己
生拉硬拽
生米煮成熟飯
生米煮成熟饭
生儿育女
生兒育女
生动活泼
生動活潑
声东击西
聲東擊西
声光化电
聲光化電
生老病死
声名狼藉
聲名狼藉
声名鹊起
聲名鵲起
生擒活捉
声色犬马
聲色犬馬
生死攸关
生死攸關
生死离别
生死離別
生死存亡
生死未卜
生死不明
生意兴隆
生意興隆
深更半夜
深根固本
身怀六甲
身懷六甲
身家性命
深情厚誼
深情厚谊
深入浅出
深入淺出
伸手不見五指
伸手不见五指
深思熟慮
深思熟虑
身体力行
身體力行
身外之物
身无分文
身無分文
身陷囹圄
深信不疑
捨不得孩子套不住狼
舍不得孩子套不住狼
捨近求遠
舍近求远
省吃俭用
省吃儉用
省喫儉用
审美疲劳
審美疲勞
审时度势
審時度勢
失之交臂
失道寡助
尸横遍野
屍橫遍野
失魂落魄
詩情畫意
诗情画意
疏財仗義
疏财仗义
殊途同归
殊途同歸
賞功罰罪
赏功罚罪
賞心悅目
赏心悦目
閃爍其詞
閃爍其辭
闪烁其词
闪烁其辞
矢石如雨
史无前例
史無前例
矢志不渝
手起刀落
手无寸铁
手無寸鐵
首当其冲
首當其衝
守口如瓶
首屈一指
手舞足蹈
手心手背都是肉
守株待兔
数一数二
數一數二
岁寒三友
歲寒三友
岁月不饶人
歲月不饒人
随机应变
隨機應變
随时随地
隨時隨地
随心所欲
隨心所欲
随遇而安
隨遇而安
酸甜苦辣
酸甜苦辣咸
酸甜苦辣鹹
所見略同
所见略同
所作所为
所作所為
塞翁失馬
塞翁失马
丧家之狗
喪家之狗
丧家之犬
喪家之犬
色香味俱全
色字头上一把刀
色字頭上一把刀
四两拨千斤
四兩撥千斤
四平八稳
四平八穩
似曾相識
似曾相识
四方八面
四分五裂
四海一家
四海为家
四海為家
四面八方
四面楚歌
似水流年
似是而非
肆无忌惮
肆無忌憚
似笑非笑
素面朝天
夙兴夜寐
夙興夜寐
速战速决
速戰速決
三寸不烂之舌
三寸不爛之舌
三七二十一
三天打魚兩天曬網
三天打鱼两天晒网
三下五除二
三月不知肉味
三板斧
三長兩短
三长两短
三番五次
桑間濮上
桑间濮上
三顧茅廬
三顾茅庐
三更灯火五更鸡
三更燈火五更雞
三姑六婆
三緘其口
三缄其口
三六九等
三令五申
三沐三熏
三沐三薰
三生有幸
三思而行
三天两头
三天兩頭
三五成羣
三五成群
三衅三沐
三釁三沐
三心二意
三熏三沐
三薰三沐
三振出局
三不五时
三不五時
僧多粥少
森罗万象
森羅萬象
司空見慣
司空见惯
思來想去
思来想去
司馬昭之心
司马昭之心
思前想后
思前想後
死无葬身之地
死無葬身之地
死纏爛打
死缠烂打
死記硬背
死记硬背
死馬當活馬醫
死马当活马医
死心塌地
死心踏地
死亦瞑目
死不瞑目
损人不利己
損人不利己
跳梁小丑
跳樑小丑
甜酸苦辣
甜言蜜語
甜言蜜语
恬不知恥
恬不知耻
条分缕析
條分縷析
天高皇帝远
天高皇帝遠
天灵灵地灵灵→天灵灵，地灵灵
天靈靈地靈靈→天靈靈，地靈靈
天若有情天亦老
天知地知你知我知→天知地知，你知我知
天長地久
天长地久
天摧地塌
添福添壽
添福添寿
天方夜譚
天方夜谭
天高地厚
天花乱坠
天花亂墜
天机不可泄漏
天機不可洩漏
天經地義
天经地义
天伦之乐
天倫之樂
天馬行空
天马行空
天人合一
天壤之別
天壤之别
天上人間
天上人间
天时地利人和
天時地利人和
天生一对
天生一對
天粟馬角
天粟马角
天外飛來一筆
天外飞来一笔
天下本无事庸人自扰之→天下本无事，庸人自扰之
天下本無事庸人自擾之→天下本無事，庸人自擾之
天下大乱
天下大亂
天下父母心
天下归心
天下歸心
天下无敌
天下無敵
天香国色
天香國色
天旋地轉
天旋地转
天心人意
天涯若比邻
天涯若比鄰
添油加醋
天真烂漫
天真爛漫
天造地設
天造地设
天災人禍
天灾人祸
天不假年
鐵骨錚錚
铁骨铮铮
鐵面無私
铁面无私
鐵證如山
铁证如山
頹牆壞壁
颓墙坏壁
唾手可得
推來推去
推来推去
脫褲子放屁
脱裤子放屁
托付終身
托付终身
託付終身
拖家带口
拖家帶口
拖泥带水
拖泥帶水
脫穎而出
脱颖而出
太阿倒持
泰然自若
太岁头上动土
太歲頭上動土
烫手山芋
燙手山芋
探囊取物
探头探脑
探頭探腦
叹为观止
嘆為觀止
歎為觀止
踏破鐵鞋
踏破铁鞋
踏破鐵鞋無覓處
踏破铁鞋无觅处
踏破鐵鞋無覓處得來全不費工夫→踏破鐵鞋無覓處，得來全不費工夫
踏破铁鞋无觅处得来全不费工夫→踏破铁鞋无觅处，得来全不费工夫
螳臂当车
螳臂當車
螳螂捕蝉黄雀在后→螳螂捕蝉，黄雀在后
螳螂捕蟬黃雀在後→螳螂捕蟬，黃雀在後
弹冠相庆
彈冠相慶
糖衣炮弹
糖衣炮彈
糖衣砲彈
昙花一现
曇花一現
談何容易
谈何容易
談婚論嫁
谈婚论嫁
談情說愛
谈情说爱
談笑自若
谈笑自若
談笑風生
谈笑风生
桃园三结义
桃園三結義
桃园结义
桃園結義
逃之夭夭
特立独行
特立獨行
腾空而起
騰空而起
听天由命
聽天由命
涕泗横流
涕泗橫流
提笔忘字
提筆忘字
醍醐灌頂
醍醐灌顶
亭台楼阁
亭臺樓閣
停滞不前
停滯不前
提心吊胆
提心吊膽
提心弔膽
痛不欲生
同病相怜
同病相憐
同仇敌忾
同仇敵愾
同讎敵愾
同归于尽
同歸於盡
同工同酬
同日而語
同日而语
同心同德
同心协力
同心協力
童顏鶴髮
童颜鹤发
同舟共济
同舟共濟
投笔从戎
投筆從戎
投怀送抱
投懷送抱
头昏眼花
頭昏眼花
投机倒把
投機倒把
投桃報李
投桃报李
兔死狐悲
图穷匕见
圖窮匕見
胎死腹中
貪多嚼不爛
贪多嚼不烂
貪官汙吏
貪官污吏
贪官污吏
貪心不足
贪心不足
韜光養晦
韬光养晦
滔滔不絕
滔滔不绝
听了风就是雨
聽了風就是雨
听说读写
聽說讀寫
通情达理
通情達理
偷得浮生半日閒
偷得浮生半日闲
偷工减料
偷工減料
偷雞摸狗
偷鸡摸狗
偷梁换柱
偷梁換柱
偷樑換柱
偷目窃望
偷目竊望
忐忑不安
討回公道
讨回公道
討價還價
讨价还价
体无完肤
體無完膚
挺而走险
挺而走險
鋌而走險
铤而走险
体贴入微
體貼入微
捅娄子
捅婁子
外貌协会
外貌協會
万死不辞
萬死不辭
望而生畏
忘恩負義
忘恩负义
望穿秋水
望風而靡
望风而靡
望梅止渴
望其項背
望其项背
望聞問切
望闻问切
望洋兴叹
望洋興嘆
望洋興歎
望眼欲穿
妄自尊大
万古长青
萬古長青
万家灯火
萬家燈火
万念俱灰
萬念俱灰
万水千山
萬水千山
万事如意
萬事如意
万事胜意
萬事勝意
万寿无疆
萬壽無疆
万象更新
萬象更新
万众一心
萬眾一心
万紫千红
萬紫千紅
完璧归赵
完璧歸趙
王侯将相
王侯將相
亡命之徒
亡羊补牢
亡羊補牢
玩火自焚
完美无缺
完美無缺
未蒙其利先受其害→未蒙其利，先受其害
未知生焉知死→未知生，焉知死
为虎作伥
為虎作倀
位极人臣
位極人臣
味同嚼蜡
味同嚼蠟
畏葸不前
未雨綢繆
未雨绸缪
問長問短
问长问短
問寒問暖
问寒问暖
唯利是图
唯利是圖
韋編三絕
韦编三绝
惟妙惟肖
維妙維肖
维妙维肖
惟命是听
惟命是聽
为人处世
為人處世
围魏救赵
圍魏救趙
围追堵截
圍追堵截
文房四宝
文房四寶
聞雞起舞
闻鸡起舞
文如其人
文以載道
文以载道
文不加点
文不加點
卧床不起
臥床不起
臥牀不起
握手言合
卧薪尝胆
臥薪嘗膽
臥薪嚐膽
物换星移
物換星移
物极必反
物極必反
物美价廉
物美價廉
誤人子弟
误人子弟
誤入歧途
误入歧途
物是人非
物轉星移
物转星移
无何有之乡
無何有之鄉
无家可归
無家可歸
无计可施
無計可施
无所遁形
無所遁形
无所不用其极
無所不用其極
无用武之地
無用武之地
无地自容
無地自容
无动于中
无动于衷
無動於中
無動於衷
无法无天
無法無天
无关大体
無關大體
无话可说
無話可說
无话不说
無話不說
无话不谈
無話不談
无济于事
無濟於事
无精打彩
无精打采
無精打彩
無精打采
无可奉告
無可奉告
无可非议
無可非議
无可厚非
無可厚非
无可救药
無可救藥
无孔不入
無孔不入
无论如何
無論如何
无念无想
無念無想
无能为力
無能為力
吳儂軟語
吴侬软语
无情无义
無情無義
无奇不有
無奇不有
无人之境
無人之境
无时无刻
無時無刻
无所事事
無所事事
无所作为
無所作為
无所不为
無所不為
无所不在
無所不在
无妄之灾
無妄之災
毋忘在莒
无往不利
無往不利
无懈可击
無懈可擊
无心插柳柳成荫
無心插柳柳成蔭
无药可救
無藥可救
无一幸免
無一倖免
無一幸免
毋庸置疑
无影无踪
無影無蹤
无与伦比
無與倫比
无中生有
無中生有
无微不至
無微不至
歪七竖八
歪七竪八
歪七豎八
挖空心思
威風凜凜
威风凛凛
温故知新
溫故知新
尾大不掉
萎靡不振
娓娓动听
娓娓動聽
稳操胜券
穩操勝券
屋漏更遭连夜雨
屋漏更遭連夜雨
乌合之众
烏合之眾
乌七八糟
污七八糟
烏七八糟
乌云密布
烏雲密布
乌烟瘴气
烏煙瘴氣
我不入地狱谁入地狱→我不入地狱，谁入地狱
我不入地獄誰入地獄→我不入地獄，誰入地獄
我行我素
五彩繽紛
五彩缤纷
五采繽紛
五采缤纷
五福临门
五福臨門
五花八門
五花八门
五湖四海
五劳七伤
五勞七傷
五痨七伤
五癆七傷
五陵年少
五十步笑百步
五十步笑一百步
五体投地
五體投地
五顏六色
五颜六色
五脏六腑
五臟六腑
下笔如神
下筆如神
下笔如有神
下筆如有神
下落不明
下里巴人
相貌堂堂
象箸玉杯
笑而不語
笑而不语
笑掉大牙
啸聚山林
嘯聚山林
笑裏藏刀
笑裡藏刀
笑里藏刀
笑容可掬
下問
下问
下不为例
下不為例
賢母良妻
贤母良妻
賢妻良母
贤妻良母
咸鱼翻身
鹹魚翻身
瑕不掩瑜
协力同心
協力同心
秀才遇到兵
袖手旁觀
袖手旁观
秀色可餐
秀外惠中
秀外慧中
瞎猫碰上死耗子
瞎貓碰上死耗子
瞎猫碰死耗子
瞎貓碰死耗子
先敬罗衣后敬人
先敬羅衣後敬人
先礼后兵
先禮後兵
先天下之忧而忧后天下之乐而乐→先天下之忧而忧，后天下之乐而乐
先天下之憂而憂後天下之樂而樂→先天下之憂而憂，後天下之樂而樂
先发制人
先發制人
相安无事
相安無事
相亲相爱
相親相愛
相濡以沫
相提並論
相提并论
襄王有意神女无心→襄王有意，神女无心
襄王有意神女無心→襄王有意，神女無心
相形見絀
相形见绌
相依为命
相依為命
先見之明
先见之明
先斩后奏
先斬後奏
萧规曹随
蕭規曹隨
銷聲匿跡
销声匿迹
枭首示众
梟首示眾
宵衣旰食
嚣张跋扈
囂張跋扈
瞎子摸象
胸有成竹
兄友弟恭
显而易见
顯而易見
想方設法
想方设法
想入非非
鮮為人知
鲜为人知
小菜一碟
小道消息
小家碧玉
小鹿乱撞
小鹿亂撞
小鳥依人
小鸟依人
小題大作
小題大做
小题大作
小题大做
小心翼翼
朽木粪墙
朽木糞牆
悬而未决
懸而未決
悬梁刺股
懸梁刺股
懸樑刺股
悬崖绝壁
懸崖絕壁
悬崖勒马
懸崖勒馬
悬崖峭壁
懸崖峭壁
鷽鳩笑鵬
鸴鸠笑鹏
学以致用
學以致用
喧宾夺主
喧賓奪主
軒然大波
轩然大波
雪上加霜
雪中送炭
幸福安康
兴高采烈
興高采烈
性命攸关
性命攸關
兴致勃勃
興致勃勃
幸災樂禍
幸灾乐祸
信口开河
信口开阖
信口開河
信口開闔
信口雌黃
信口雌黄
信以为真
信以為真
細思極恐
细思极恐
細思恐極
细思恐极
行不改名坐不改姓→行不改名，坐不改姓
形同陌路
形形色色
行云流水
行雲流水
形影不离
形影不離
行之有效
行坐不安
訓練有素
训练有素
寻根究底
尋根究底
徐娘半老
循序渐进
循序漸進
循循善誘
循循善诱
析骸以爨
心宽体胖
心寬體胖
心有灵犀一点通
心有靈犀一點通
新仇旧恨
新仇舊恨
新春佳節
新春佳节
心存不軌
心存不轨
心烦意乱
心煩意亂
心腹之交
心服口服
星月交輝
星月交辉
星星之火可以燎原→星星之火，可以燎原
惺惺相惜
惺惺惜惺惺
心甘情愿
心甘情願
心高气傲
心高氣傲
心怀叵测
心懷叵測
心灰意冷
心惊胆跳
心驚膽跳
心惊胆战
心驚膽戰
心力交瘁
心灵鸡汤
心靈雞湯
心满意足
心滿意足
心如刀割
心如鹿撞
心神恍惚
心生一計
心生一计
欣欣向榮
欣欣向荣
心心相印
欣喜雀跃
欣喜雀躍
心猿意馬
心猿意马
心有灵犀
心有靈犀
心照不宣
心知肚明
心不在焉
稀奇古怪
嬉笑怒罵
嬉笑怒骂
西装革履
西裝革履
虚怀若谷
虛懷若谷
虚无缥渺
虚无缥缈
虛無縹渺
虛無縹緲
虚与委蛇
虛與委蛇
喜怒不形于色
喜怒不形於色
喜出望外
喜大普奔
喜怒哀乐
喜怒哀樂
喜聞樂見
喜闻乐见
喜新厌旧
喜新厭舊
栩栩如生
愿者上钩
願者上鉤
愿赌服输
願賭服輸
怨声载道
怨聲載道
怨天尤人
原封不动
原封不動
緣木求魚
缘木求鱼
源源不絕
源源不绝
元元本本
原原本本
源源本本
源源不断
源源不斷
源远流长
源遠流長
原汁原味
岳撼山崩
月明如昼
月明如晝
月白風清
月白风清
月光族
約法三章
约法三章
远交近攻
遠交近攻
揠苗助長
揠苗助长
怏怏不乐
怏怏不樂
燕頷虎鬚
燕颔虎须
雁杳魚沉
雁杳鱼沉
要風得風要雨得雨→要風得風，要雨得雨
要风得风要雨得雨→要风得风，要雨得雨
要錢不要命
要钱不要命
耀武扬威
耀武揚威
言不尽意
言不盡意
佯輸詐敗
佯输诈败
羊头狗肉
羊頭狗肉
扬汤止沸
揚湯止沸
言过其实
言過其實
言归于好
言歸於好
洋洋洒洒
洋洋灑灑
炎黃子孫
炎黄子孙
言外之意
言行一致
言之成理
搖旗擂鼓
摇旗擂鼓
姚黃魏紫
姚黄魏紫
搖頭擺腦
摇头摆脑
搖頭晃腦
摇头晃脑
遙遙領先
遥遥领先
夜長夢多
夜长梦多
叶公好龙
葉公好龍
夜郎自大
亦步亦趋
亦步亦趨
挹彼注兹
挹彼注茲
义愤填膺
義憤填膺
异国他乡
異國他鄉
异口同声
異口同聲
应天顺人
應天順人
应接不暇
應接不暇
应弦而倒
應弦而倒
应运而生
應運而生
异曲同工
異曲同工
义同生死
義同生死
意外事故
意味深長
意味深长
意想不到
抑扬顿挫
抑揚頓挫
悒郁寡欢
悒鬱寡歡
易子而食
义不容辞
義不容辭
忆昔抚今
憶昔撫今
遗臭万年
遺臭萬年
迎头赶上
迎頭趕上
蝇营狗苟
蠅營狗苟
銀河落九天
银河落九天
疑神疑鬼
又好笑又好气→又好笑，又好气
又好笑又好氣→又好笑，又好氣
由点到面
由點到面
由此可見
由此可见
油然而生
游刃有余
游刃有餘
遊刃有餘
游手好閑
游手好閒
游手好闲
遊手好閑
遊手好閒
游戏人生
游戲人生
遊戲人生
犹豫不决
猶豫不決
鷸蚌相爭
鹬蚌相争
浴火重生
慾火焚身
欲火焚身
欲擒故縱
欲擒故纵
遇人不淑
郁郁不乐
鬱鬱不樂
郁郁寡欢
郁郁寡歡
鬱鬱寡歡
魚沉雁杳
鱼沉雁杳
渔夫之利
漁夫之利
愚公移山
魚龍混雜
鱼龙混杂
云屯雨集
雲屯雨集
云消雾散
雲消霧散
芸芸众生
芸芸眾生
予取予求
渔人得利
漁人得利
于事无补
於事無補
魚死網破
鱼死网破
压倒骆驼的最后一根草
壓倒駱駝的最後一根草
压力山大
壓力山大
妖魔鬼怪
腰酸背痛
野心勃勃
也有今天
衣食无缺
衣食無缺
一而再再而三→一而再，再而三
一而二二而一→一而二，二而一
衣不解带
衣不解帶
一不做二不休→一不做，二不休
衣冠楚楚
衣冠禽兽
衣冠禽獸
阴差阳错
陰差陽錯
因地制宜
鷹擊長空
鹰击长空
莺歌燕舞
鶯歌燕舞
英年早逝
鸚鵡學舌
鹦鹉学舌
阴晴圆缺
陰晴圓缺
因人而异
因人而異
阴盛阳衰
陰盛陽衰
因小失大
衣食住行
依山傍水
一无所有
一無所有
一五一十
依样画葫芦
依樣畫葫蘆
依依不捨
依依不舍
雍容大方
优柔寡断
優柔寡斷
忧心忡忡
憂心忡忡
忧喜交集
憂喜交集
悠哉悠哉
哑口无言
啞口無言
掩目而捕燕雀
眼不見為淨
眼不见为净
眼不見心不煩→眼不見，心不煩
眼不见心不烦→眼不见，心不烦
掩耳盗铃
掩耳盜鈴
仰之弥高
仰之彌高
养尊处优
養尊處優
眼花撩乱
眼花撩亂
眼花繚亂
眼花缭乱
眼睛長在頭頂上
眼睛长在头顶上
掩目捕雀
眼若流星
奄奄一息
眼中釘
眼中钉
眼中釘肉中刺→眼中釘，肉中刺
眼中钉肉中刺→眼中钉，肉中刺
窈窕淑女
咬文嚼字
杳无音信
杳無音信
雅俗共賞
雅俗共赏
以其人之道还治其人之身→以其人之道，还治其人之身
以其人之道還治其人之身→以其人之道，還治其人之身
以牙还牙
以牙還牙
以訛傳訛
以讹传讹
以茶代酒
以毒攻毒
以儆效尤
以貌取人
引虎入羊羣
引虎入羊群
郢书燕说
郢書燕說
穎脫而出
颖脱而出
引火烧身
引火燒身
引狼入室
引人入勝
引人入胜
引人注目
飲水思源
饮水思源
飲鴆止渴
饮鸩止渴
以偏概全
倚強欺弱
倚强欺弱
以人废言
以人廢言
以身作则
以身作則
以逸待劳
以逸待勞
以正視聽
以正视听
勇而无谋
勇而無謀
勇气百倍
勇氣百倍
永无止境
永無止境
勇往直前
有何面目
有何不可
有教无类
有教無類
有眼不識泰山
有眼不识泰山
有眼不識荊山玉
有眼不识荆山玉
有一頓沒一頓→有一頓，沒一頓
有一顿没一顿→有一顿，没一顿
有一搭沒一搭
有一搭没一搭
有備無患
有备无患
有話好說
有话好说
有口无心
有口無心
有口皆碑
有名无实
有名無實
有目共睹
有目无珠
有目無珠
有情有义
有情有義
有情人終成眷屬
有情人终成眷属
有恃无恐
有恃無恐
有生之年
有所不知
有条不紊
有條不紊
有头无尾
有頭無尾
有緣無份
有緣無分
有缘无份
有缘无分
有意无意
有意無意
有眼无珠
有眼無珠
有眼不識金鑲玉
有眼不识金镶玉
有勇无谋
有勇無謀
有朝一日
雨后春笋
雨後春筍
与虎谋皮
與虎謀皮
与人为善
與人為善
与日俱增
與日俱增
与世长辞
與世長辭
与时俱进
與時俱進
与生俱来
與生俱來
語無倫次
语无伦次
与众不同
與眾不同
浊酒粗食
濁酒粗食
卓有成效
装门面
裝門面
装疯卖傻
裝瘋賣傻
庄周梦蝶
莊周夢蝶
追風逐電
追风逐电
追根究底
捉襟見肘
捉襟见肘
拽得跟二五八万似的
拽得跟二五八萬似的
拽得跟二五八万一样
拽得跟二五八萬一樣
轉瞬即逝
转瞬即逝
债台高筑
債臺高築
债务累累
債務累累
債務纍纍
佔著茅坑不拉屎
占着茅坑不拉屎
战战兢兢
戰戰兢兢
站不住脚
站不住腳
赵钱孙李
趙錢孫李
振笔疾书
振筆疾書
郑人买履
鄭人買履
折箭为誓
折箭為誓
志得意满
志得意滿
治国安邦
治國安邦
至关重要
至關重要
至高无上
至高無上
置若罔聞
置若罔闻
炙手可热
炙手可熱
置之不理
執筆忘字
执笔忘字
值得一提
直截了当
直截了當
直捷了当
直捷了當
直接了当
直接了當
執迷不悟
执迷不悟
直言不諱
直言不讳
重于泰山
重於泰山
重于泰山轻于鸿毛→重于泰山，轻于鸿毛
重於泰山輕於鴻毛→重於泰山，輕於鴻毛
种瓜得瓜
種瓜得瓜
众口一词
眾口一詞
重男輕女
重男轻女
众说纷纭
眾說紛紜
众所周知
眾所周知
重色輕友
重色轻友
众志成城
眾志成城
助人为乐
助人為樂
鑄劍為犁
铸剑为犁
助紂為虐
助纣为虐
逐水草而居
竹篮打水
竹籃打水
逐字逐句
摘胆剜心
摘膽剜心
张王李赵
張王李趙
张冠李戴
張冠李戴
张三李四
張三李四
獐头鼠目
獐頭鼠目
瞻前顧後
瞻前顾后
沾沾自喜
招財進寶
招财进宝
朝九晚五
朝气蓬勃
朝氣蓬勃
朝秦暮楚
招賢納士
招贤纳士
招降納順
招降纳顺
朝朝暮暮
朝夕难保
朝夕難保
真才实学
真才實學
針鋒相對
针锋相对
睁眼说瞎话
睜眼說瞎話
争分夺秒
爭分奪秒
争先恐后
爭先恐後
蒸蒸日上
針頭線腦
针头线脑
真相大白
整装待发
整裝待發
枕戈待旦
知其然而不知其所以然
知其不可而为
知其不可而為
知书达礼
知書達禮
知錯能改
知错能改
知法犯法
知規犯規
知规犯规
之乎者也
支离破碎
支離破碎
支吾其詞
支吾其词
知足常乐
知足常樂
中飽私囊
中饱私囊
中流砥柱
鐘靈毓秀
钟灵毓秀
鐘鳴鼎食
钟鸣鼎食
終南捷徑
终南捷径
終日不倦
终日不倦
中西合璧
忠心耿耿
忠言逆耳
中正平和
周瑜打黃蓋
周瑜打黄盖
州官放火
朱門酒肉臭
朱门酒肉臭
猪朋狗友
豬朋狗友
諸如此類
诸如此类
蛛丝马迹
蛛絲馬跡
猪头三牲
豬頭三牲
誅心之論
诛心之论
諸葛亮借東風
诸葛亮借东风
斩草除根
斬草除根
斩钉截铁
斬釘截鐵
長他人志氣滅自己威風→長他人志氣，滅自己威風
长他人志气灭自己威风→长他人志气，灭自己威风
斩将搴旗
斬將搴旗
崭露头角
嶄露頭角
找不着北
找不著北
只可意会不可言传→只可意会，不可言传
只可意會不可言傳→只可意會，不可言傳
指天为誓
指天為誓
只許州官放火不許百姓點燈→只許州官放火，不許百姓點燈
只许州官放火不许百姓点灯→只许州官放火，不许百姓点灯
趾高气扬
趾高氣揚
指鹿为马
指鹿為馬
指日可待
只說不做
只说不做
紙上談兵
纸上谈兵
指手划脚
指手劃腳
指手画脚
指手畫腳
指桑罵槐
指桑骂槐
冢中枯骨
塚中枯骨
煮熟的鴨子飛了
煮熟的鸭子飞了
罪恶贯盈
罪惡貫盈
醉貌咕咚
罪行累累
罪不容誅
罪不容诛
作如是觀
作如是观
坐不改姓行不改名→坐不改姓，行不改名
坐不安席
坐井觀天
坐井观天
做牛做馬
做牛做马
左耳入右耳出→左耳入，右耳出
左冲右突
左衝右突
左邻右舍
左鄰右舍
左图右史
左圖右史
左右逢源
左拥右抱
左擁右抱
載歌載舞
载歌载舞
在劫难逃
在劫難逃
再接再勵
再接再厉
再接再厲
再接再砺
再接再礪
在所难免
在所難免
葬身之地
杂乱无章
雜亂無章
择主而事
擇主而事
自扫门前雪
自掃門前雪
自天而下
自相残害
自相殘害
自以为得计
自以為得計
自有道理
自有公論
自有公论
自吹自擂
自导自演
自導自演
自負盈虧
自负盈亏
自告奋勇
自告奮勇
自顧自
自顾自
自給自足
自给自足
自愧不如
自力更生
自命不凡
自欺欺人
自取其咎
自取其辱
自生自滅
自生自灭
自私自利
自相残杀
自相殘殺
自相矛盾
自怨自艾
自由自在
自以为是
自以為是
自知之明
自作自受
自不量力
自暴自弃
自暴自棄
縱橫交錯
纵横交错
縱橫天下
纵横天下
孜孜不倦
遵紀守法
遵纪守法
尊姓大名
早聞道夕死可矣→早聞道，夕死可矣
早闻道夕死可矣→早闻道，夕死可矣
早睡早起
早生貴子
早生贵子
早知今日何必当初→早知今日，何必当初
早知今日何必當初→早知今日，何必當初
子丑寅卯
子虚乌有
子虛烏有
子曰詩云
子曰诗云
总而言之
總而言之
走火入魔
走來走去
走来走去
走馬觀花
走马观花
走为上计
走為上計
走走停停
愛面子
爱面子
愛才如命
爱才如命
愛恨情仇
爱恨情仇
愛莫能助
爱莫能助
愛不釋手
爱不释手
暗暗自責
暗暗自责
按部就班
按兵不动
按兵不動
暗淡无光
暗淡無光
黯淡无光
黯淡無光
暗渡陈仓
暗渡陳倉
暗箭伤人
暗箭傷人
按劳分配
按勞分配
黯然神伤
黯然神傷
黯然失色
暗送秋波
按图索骥
按圖索驥
傲慢无礼
傲慢無禮
嗷嗷待哺
恶向胆边生
惡向膽邊生
扼喉抚背
扼喉撫背
恶名昭著
惡名昭著
恶名昭彰
惡名昭彰
餓殍遍野
饿殍遍野
恶有恶报
惡有惡報
阿狗阿猫
阿狗阿貓
哀兵必勝
哀兵必胜
哀鴻遍野
哀鸿遍野
唉声叹气
唉聲嘆氣
唉聲歎氣
愛屋及烏
爱屋及乌
阿猫阿狗
阿貓阿狗
安份守己
安分守己
安家落戶
安家落户
安家立业
安家立業
安居乐业
安居樂業
安民恤众
安民恤眾
鞍馬勞頓
鞍马劳顿
安如磐石
安土重迁
安土重遷
安于现状
安於現狀
安之若素
婀娜多姿
阿諛奉承
阿谀奉承
耳熟能詳
耳熟能详
蔼然可亲
藹然可親
藕断丝连
藕斷絲連
一朵鮮花插在牛糞上
一朵鲜花插在牛粪上
一个巴掌拍不响
一個巴掌拍不響
一年之計在於春
一年之计在于春
一問三不知
一问三不知
一表人才
一敗塗地
一败涂地
一病不起
一臂之力
一步一回头
一步一回頭
一本正經
一本正经
一波三折
一把鼻涕一把泪
一把鼻涕一把淚
一笔勾销
一筆勾銷
一笔一画
一筆一畫
一槌定音
一錘定音
一锤定音
一唱一和
一長一短
一长一短
一成不变
一成不變
一塵不染
一尘不染
一筹莫展
一籌莫展
一触即发
一觸即發
一蹴而就
一蹴可几
一蹴可幾
一点一滴
一點一滴
一肚子坏水
一肚子壞水
一刀两断
一刀兩斷
一发不可收拾
一發不可收拾
一分为二
一分為二
一反常态
一反常態
一概而論
一概而论
一乾二淨
一干二净
一鬨而散
一哄而散
一呼百应
一呼百應
一見傾心
一见倾心
一箭双雕
一箭雙雕
一箭雙鵰
一箭之地
一見鍾情
一见钟情
一介不取
一……就……
一家大小
一家老小
一家之言
一家之主
一脚高一脚低
一腳高一腳低
一蹶不振
一技之長
一技之长
一举成名
一舉成名
一举两得
一舉兩得
一举三得
一舉三得
一举一动
一舉一動
一刻千金
一孔之見
一孔之见
一了百了
一落千丈
一來一往
一来一往
一劳永逸
一勞永逸
一路領先
一路领先
一覽無遺
一览无遗
一覽無餘
一览无余
一面之交
一毛不拔
一命呜呼
一命嗚呼
一鳴驚人
一鸣惊人
一目了然
一目瞭然
一木难支
一木難支
一目十行
一码归一码
一碼歸一碼
一馬當先
一马当先
一馬平川
一马平川
一亩三分地
一畝三分地
一念之差
一年半載
一年半载
一年一度
一諾千金
一诺千金
一片冰心
一派胡言
一盘散沙
一盤散沙
一貧如洗
一贫如洗
一顰一笑
一颦一笑
一曝十寒
一拍即合
一窍不通
一竅不通
一丘之貉
一清二楚
一人之下万人之上→一人之下，万人之上
一人之下萬人之上→一人之下，萬人之上
一仍旧贯
一仍舊貫
一日千里
一日三秋
一日不見如隔三秋→一日不見，如隔三秋
一日不见如隔三秋→一日不见，如隔三秋
一如既往
一視同仁
一视同仁
一事无成
一事無成
一石二鳥
一石二鸟
一时一刻
一時一刻
一生受用不尽
一生受用不盡
一生何求
一生一世
一声不响
一聲不響
一手交錢一手交貨→一手交錢，一手交貨
一手交钱一手交货→一手交钱，一手交货
一手托两家
一手托兩家
一手遮天
一丝一毫
一絲一毫
一丝不挂
一絲不掛
一丝不苟
一絲不苟
一扫而空
一掃而空
一天到晚
一头雾水
一頭霧水
一塌糊塗
一塌糊涂
一吐为快
一吐為快
一問一答
一问一答
一文不值
一物克一物
一物剋一物
一无是处
一無是處
一无所获
一無所獲
一无所知
一無所知
一網打盡
一网打尽
一往情深
一往无前
一往無前
一往直前
一笑置之
一厢情愿
一廂情願
一心二用
一心一意
一言以蔽之
一言九鼎
一言半句
一言半語
一言半语
一言偾事
一言僨事
一言既出駟馬難追→一言既出，駟馬難追
一言既出驷马难追→一言既出，驷马难追
一言两句
一言兩句
一言立信
一言难尽
一言難盡
一言堂
一言为定
一言為定
一言一行
一言一語
一言一语
一言不发
一言不發
一夜成名
一叶知秋
一葉知秋
一意孤行
一衣带水
一衣帶水
一語成讖
一语成谶
一阵青一阵白
一陣青一陣白
一朝一夕
一針見血
一针见血
一知半解
一盏茶工夫
一盞茶工夫
一紙空文
一纸空文
一字褒貶
一字褒贬
一字不易
一字千金
一字一板
一字一句
一帆風順
一帆风顺
一拥而入
一擁而入
一掷千金
一擲千金
一模一样
一模一樣
不白之冤
不到黃河心不死
不到黄河心不死
不动声色
不動聲色
不登大雅之堂
不鳴則已一鳴驚人→不鳴則已，一鳴驚人
不鸣则已一鸣惊人→不鸣则已，一鸣惊人
不求有功但求无过→不求有功，但求无过
不求有功但求無過→不求有功，但求無過
不如意事十常八九→不如意事，十常八九
不忍人之心
不食人間煙火
不食人间烟火
不死也半条命
不死也半條命
不为五斗米折腰
不為五斗米折腰
不以为意
不以為意
不以人废言
不以人廢言
不按牌理出牌
不二法門
不二法门
不辨菽麥
不辨菽麦
不敗之地
不败之地
不卑不亢
不比不知道一比吓一跳→不比不知道，一比吓一跳
不比不知道一比嚇一跳→不比不知道，一比嚇一跳
不揣冒昧
不成体统
不成體統
不愁衣食
不差累黍
不逞之徒
不出所料
不恥下問
不耻下问
不待蓍龜
不待蓍龟
不到長城非好漢
不到长城非好汉
不得其門而入
不得其门而入
不得而知
不得要領
不得要领
不得已而求其次
不得已而退求其次
不得已而为之
不得已而為之
不打自招
不懂装懂
不懂裝懂
不乏先例
不乏其人
不費吹灰之力
不费吹灰之力
不負眾望
不负众望
不服水土
不分青紅皂白
不分青红皂白
不分勝負
不分胜负
不分伯仲
不分彼此
不分軒輊
不分轩轾
不分畛域
不法之徒
不过尔尔
不過爾爾
不关痛痒
不關痛癢
不管三七二十一
不管怎样
不管怎樣
不共戴天
不甘后人
不甘後人
不甘落后
不甘落後
不甘示弱
不乾不淨
不干不净
不甘寂寞
不攻自破
不敢越雷池一步
不敢問津
不敢问津
不苟言笑
不欢而散
不歡而散
不寒而慄
不寒而栗
不合时宜
不合時宜
不見不散
不见不散
不解風情
不解风情
不假思索
不胫而走
不脛而走
不計其數
不计其数
不龜手藥
不龟手药
不拘小節
不拘小节
不堪回首
不堪入目
不堪設想
不堪设想
不刊之論
不刊之论
不堪一击
不堪一擊
不可偏废
不可偏廢
不可同日而語
不可同日而语
不可望其項背
不可望其项背
不可无一不可有二→不可无一，不可有二
不可無一不可有二→不可無一，不可有二
不可限量
不可言喻
不可逾越
不可捉摸
不可終日
不可终日
不可企及
不可避免
不可多得
不可开交
不可開交
不可理喻
不可磨滅
不可磨灭
不可收拾
不可思議
不可思议
不可一世
不可勝計
不可胜计
不可勝數
不可胜数
不可勝言
不可胜言
不了了之
不落窠臼
不落俗套
不郎不秀
不稂不莠
不劳而获
不勞而獲
不吝指教
不离不弃
不離不棄
不露声色
不露聲色
不伦不类
不倫不類
不眠不休
不蔓不枝
不毛之地
不明所以
不名一錢
不名一钱
不名一文
不明不白
不謀而合
不谋而合
不买帐
不买账
不買帳
不買賬
不念旧恶
不念舊惡
不能贊一辭
不能赞一辞
不能自拔
不宁唯是
不寧唯是
不偏不倚
不怕官只怕管→不怕官，只怕管
不怕慢只怕站→不怕慢，只怕站
不怕不識貨就怕貨比貨→不怕不識貨，就怕貨比貨
不怕不识货就怕货比货→不怕不识货，就怕货比货
不怕不識貨只怕貨比貨→不怕不識貨，只怕貨比貨
不怕不识货只怕货比货→不怕不识货，只怕货比货
不平则鸣
不平則鳴
不破不立
不求甚解
不情之請
不情之请
不欺暗室
不屈不挠
不屈不撓
不請自來
不请自来
不容分說
不容分说
不容置辩
不容置辯
不容置喙
不容置疑
不忍坐視
不忍坐视
不上不下
不甚了了
不时之需
不時之需
不衫不履
不声不响
不聲不響
不失时机
不失時機
不速之客
不死不活
不痛不痒
不痛不癢
不同凡响
不同凡響
不問青紅皂白
不问青红皂白
不违农时
不違農時
不为人知
不為人知
不为已甚
不為已甚
不聞不問
不闻不问
不务正业
不務正業
不无小补
不無小補
不肖子孙
不肖子孫
不祥之兆
不屑一顧
不屑一顾
不相上下
不修边幅
不修邊幅
不学无术
不學無術
不宣而战
不宣而戰
不幸中的大幸
不幸而言中
不幸之幸
不形于色
不形於色
不虚此行
不虛此行
不省人事
不約而同
不约而同
不远千里
不遠千里
不厌其烦
不厭其煩
不厌其详
不厭其詳
不言而喻
不言不語
不言不语
不翼而飛
不翼而飞
不亦乐乎
不亦樂乎
不易之論
不易之论
不遗余力
不遺餘力
不由分說
不由分说
不由自主
不虞之誉
不虞之譽
不一而足
不依不挠
不依不撓
不依不饒
不依不饶
不以为然
不以為然
不予理睬
不予置評
不予置评
不着边际
不著邊際
不着痕迹
不著痕跡
不战不和
不戰不和
不正之風
不正之风
不折不扣
不置可否
不治之症
不值識者一笑
不值识者一笑
不值一駁
不值一驳
不值一文
不知人間有羞恥事
不知人间有羞耻事
不知天高地厚
不枝不蔓
不知凡几
不知凡幾
不知好歹
不知进退
不知進退
不知所措
不知所云
不知所以
不知不覺
不知不觉
不在話下
不在话下
不贊一詞
不贊一辭
不赞一词
不赞一辞
不自量力
不足挂齿
不足掛齒
不足为外人道
不足為外人道
不足为虑
不足為慮
不足輕重
不足轻重
不足为凭
不足為憑
不足为奇
不足為奇
不足为训
不足為訓
不勝枚舉
不胜枚举
不勝其煩
不胜其烦
不惜工本
不期而遇
不期然而然
不識廬山真面目
不识庐山真面目
不識抬舉
不识抬举
不識大體
不识大体
不識時務
不识时务
削足适履
削足適履
危机重重
危機重重
危在旦夕
咄咄逼人
咄咄怪事
唯唯諾諾
唯唯诺诺
夕阳西下
夕陽西下
夹缝中求生存
夾縫中求生存
微不足道
息息相关
息息相關
惩前毖后
懲前毖後
拈花惹草
文过饰非
文過飾非
期期艾艾
比比皆是
潛移默化
潜移默化
熟能生巧
玩世不恭
突发奇想
突發奇想
突飛猛進
突飞猛进
突如其來
突如其来
縱橫捭闔
纵横捭阖
莘莘学子
莘莘學子
血气方刚
血氣方剛
血肉横飞
血肉橫飛
衣錦還鄉
衣锦还乡
識文斷字
识文断字
跌打损伤
跌打損傷
鞠躬尽瘁
鞠躬盡瘁
